issue69-driver: timings: graph.chain.small
issue69-driver: timings: graph.chain.large
issue69-driver: timings: graph.fanin.small
issue69-driver: timings: graph.fanin.large
issue69-driver: timings: graph.multinetwork.small
issue69-driver: timings: graph.multinetwork.large
issue69-driver: timings: params.small
issue69-driver: timings: params.large
issue69-driver: timings: animation.small
issue69-driver: timings: animation.large
issue69-driver: timings: media.small
issue69-driver: timings: media.large
issue69-driver: timings: history.below
issue69-driver: timings: history.at
issue69-driver: timings: history.above
	Command being timed: "/tmp/issue69-driver/release/editing_scale_driver timings"
	User time (seconds): 47.63
	System time (seconds): 0.15
	Percent of CPU this job got: 99%
	Elapsed (wall clock) time (h:mm:ss or m:ss): 0:47.78
	Average shared text size (kbytes): 0
	Average unshared data size (kbytes): 0
	Average stack size (kbytes): 0
	Average total size (kbytes): 0
	Maximum resident set size (kbytes): 283752
	Average resident set size (kbytes): 0
	Major (requiring I/O) page faults: 0
	Minor (reclaiming a frame) page faults: 91382
	Voluntary context switches: 1
	Involuntary context switches: 189
	Swaps: 0
	File system inputs: 0
	File system outputs: 208
	Socket messages sent: 0
	Socket messages received: 0
	Signals delivered: 0
	Page size (bytes): 4096
	Exit status: 0
