Note: Google Test filter = ShuffleSurface.*:HistorySurface.*
[==========] Running 18 tests from 2 test suites.
[----------] Global test environment set-up.
[----------] 7 tests from HistorySurface
[ RUN      ] HistorySurface.GraphKeyboardAndEditMenuRestoreOneChronologicalTransition
[       OK ] HistorySurface.GraphKeyboardAndEditMenuRestoreOneChronologicalTransition (28085 ms)
[ RUN      ] HistorySurface.ExhaustedTextHistoryNeverFallsThroughKeyboardOrMenu
[       OK ] HistorySurface.ExhaustedTextHistoryNeverFallsThroughKeyboardOrMenu (3070 ms)
[ RUN      ] HistorySurface.NumericTextMenuDoesNotCommitOrUndoDocument
[       OK ] HistorySurface.NumericTextMenuDoesNotCommitOrUndoDocument (2707 ms)
[ RUN      ] HistorySurface.UndoCancelsGraphAndParameterPreviewAndReleaseCannotCommit
[       OK ] HistorySurface.UndoCancelsGraphAndParameterPreviewAndReleaseCannotCommit (3375 ms)
[ RUN      ] HistorySurface.CompoundHistorySurvivesToolWindowReopeningAndScopedNavigation
[       OK ] HistorySurface.CompoundHistorySurvivesToolWindowReopeningAndScopedNavigation (4589 ms)
[ RUN      ] HistorySurface.InterleavedPanelEditsFollowDocumentChronologyAcrossFocus
[       OK ] HistorySurface.InterleavedPanelEditsFollowDocumentChronologyAcrossFocus (4158 ms)
[ RUN      ] HistorySurface.SavedIndicatorTracksNativeHistoryAndReplacement
[       OK ] HistorySurface.SavedIndicatorTracksNativeHistoryAndReplacement (3058 ms)
[----------] 7 tests from HistorySurface (49044 ms total)

[----------] 11 tests from ShuffleSurface
[ RUN      ] ShuffleSurface.NativeSocketDragCancellationAndHistory
qrc:/qt/qml/Nemo/qml/StudioComboBox.qml:122:13: QML Connections: Detected function "onMutedChanged" in Connections element. This is probably intended to be a signal handler but no signal of the target matches the name.
qrc:/qt/qml/Nemo/qml/StudioComboBox.qml:122:13: QML Connections: Detected function "onMutedChanged" in Connections element. This is probably intended to be a signal handler but no signal of the target matches the name.
qrc:/qt/qml/Nemo/qml/StudioComboBox.qml:122:13: QML Connections: Detected function "onMutedChanged" in Connections element. This is probably intended to be a signal handler but no signal of the target matches the name.
qrc:/qt/qml/Nemo/qml/StudioComboBox.qml:122:13: QML Connections: Detected function "onMutedChanged" in Connections element. This is probably intended to be a signal handler but no signal of the target matches the name.
qrc:/qt/qml/Nemo/qml/StudioComboBox.qml:122:13: QML Connections: Detected function "onMutedChanged" in Connections element. This is probably intended to be a signal handler but no signal of the target matches the name.
qrc:/qt/qml/Nemo/qml/StudioComboBox.qml:122:13: QML Connections: Detected function "onMutedChanged" in Connections element. This is probably intended to be a signal handler but no signal of the target matches the name.
[libx264 @ 0x519000b70280] using cpu capabilities: MMX2 SSE2Fast SSSE3 SSE4.2 AVX FMA3 BMI2 AVX2
[libx264 @ 0x519000b70280] profile High, level 3.1, 4:2:0, 8-bit
[libx264 @ 0x519000b70280] frame I:3     Avg QP: 0.00  size:   270
[libx264 @ 0x519000b70280] mb I  I16..4: 100.0%  0.0%  0.0%
[libx264 @ 0x519000b70280] final ratefactor: -43.49
[libx264 @ 0x519000b70280] 8x8 transform intra:0.0%
[libx264 @ 0x519000b70280] coded y,uvDC,uvAC intra: 0.0% 100.0% 0.0%
[libx264 @ 0x519000b70280] i16 v,h,dc,p:  0%  0% 100%  0%
[libx264 @ 0x519000b70280] i8c dc,h,v,p: 100%  0%  0%  0%
[libx264 @ 0x519000b70280] kb/s:51.90
[       OK ] ShuffleSurface.NativeSocketDragCancellationAndHistory (5719 ms)
[ RUN      ] ShuffleSurface.CreatingAnUnwiredOutputIsAtomicAndStartsAtZero
[libx264 @ 0x5190005ee280] using cpu capabilities: MMX2 SSE2Fast SSSE3 SSE4.2 AVX FMA3 BMI2 AVX2
[libx264 @ 0x5190005ee280] profile High, level 3.1, 4:2:0, 8-bit
qrc:/qt/qml/Nemo/qml/StudioComboBox.qml:122:13: QML Connections: Detected function "onMutedChanged" in Connections element. This is probably intended to be a signal handler but no signal of the target matches the name.
qrc:/qt/qml/Nemo/qml/StudioComboBox.qml:122:13: QML Connections: Detected function "onMutedChanged" in Connections element. This is probably intended to be a signal handler but no signal of the target matches the name.
qrc:/qt/qml/Nemo/qml/StudioComboBox.qml:122:13: QML Connections: Detected function "onMutedChanged" in Connections element. This is probably intended to be a signal handler but no signal of the target matches the name.
qrc:/qt/qml/Nemo/qml/StudioComboBox.qml:122:13: QML Connections: Detected function "onMutedChanged" in Connections element. This is probably intended to be a signal handler but no signal of the target matches the name.
qrc:/qt/qml/Nemo/qml/StudioComboBox.qml:122:13: QML Connections: Detected function "onMutedChanged" in Connections element. This is probably intended to be a signal handler but no signal of the target matches the name.
qrc:/qt/qml/Nemo/qml/StudioComboBox.qml:122:13: QML Connections: Detected function "onMutedChanged" in Connections element. This is probably intended to be a signal handler but no signal of the target matches the name.
[libx264 @ 0x5190005ee280] frame I:2     Avg QP: 0.00  size:   376
[libx264 @ 0x5190005ee280] mb I  I16..4: 100.0%  0.0%  0.0%
[libx264 @ 0x5190005ee280] final ratefactor: -41.59
[libx264 @ 0x5190005ee280] 8x8 transform intra:0.0%
[libx264 @ 0x5190005ee280] coded y,uvDC,uvAC intra: 0.0% 100.0% 0.0%
[libx264 @ 0x5190005ee280] i16 v,h,dc,p:  0%  0% 100%  0%
[libx264 @ 0x5190005ee280] i8c dc,h,v,p: 100%  0%  0%  0%
[libx264 @ 0x5190005ee280] kb/s:72.19
[       OK ] ShuffleSurface.CreatingAnUnwiredOutputIsAtomicAndStartsAtZero (3557 ms)
[ RUN      ] ShuffleSurface.InspectorColumnSwitchRetainsTheOpenMapping
[libx264 @ 0x51900098b780] using cpu capabilities: MMX2 SSE2Fast SSSE3 SSE4.2 AVX FMA3 BMI2 AVX2
[libx264 @ 0x51900098b780] profile High, level 3.1, 4:2:0, 8-bit
qrc:/qt/qml/Nemo/qml/StudioComboBox.qml:122:13: QML Connections: Detected function "onMutedChanged" in Connections element. This is probably intended to be a signal handler but no signal of the target matches the name.
qrc:/qt/qml/Nemo/qml/StudioComboBox.qml:122:13: QML Connections: Detected function "onMutedChanged" in Connections element. This is probably intended to be a signal handler but no signal of the target matches the name.
qrc:/qt/qml/Nemo/qml/StudioComboBox.qml:122:13: QML Connections: Detected function "onMutedChanged" in Connections element. This is probably intended to be a signal handler but no signal of the target matches the name.
qrc:/qt/qml/Nemo/qml/StudioComboBox.qml:122:13: QML Connections: Detected function "onMutedChanged" in Connections element. This is probably intended to be a signal handler but no signal of the target matches the name.
qrc:/qt/qml/Nemo/qml/StudioComboBox.qml:122:13: QML Connections: Detected function "onMutedChanged" in Connections element. This is probably intended to be a signal handler but no signal of the target matches the name.
qrc:/qt/qml/Nemo/qml/StudioComboBox.qml:122:13: QML Connections: Detected function "onMutedChanged" in Connections element. This is probably intended to be a signal handler but no signal of the target matches the name.
[libx264 @ 0x51900098b780] frame I:2     Avg QP: 0.00  size:   376
[libx264 @ 0x51900098b780] mb I  I16..4: 100.0%  0.0%  0.0%
[libx264 @ 0x51900098b780] final ratefactor: -41.60
[libx264 @ 0x51900098b780] 8x8 transform intra:0.0%
[libx264 @ 0x51900098b780] coded y,uvDC,uvAC intra: 0.0% 100.0% 0.0%
[libx264 @ 0x51900098b780] i16 v,h,dc,p:  0%  0% 100%  0%
[libx264 @ 0x51900098b780] i8c dc,h,v,p: 100%  0%  0%  0%
[libx264 @ 0x51900098b780] kb/s:72.10
[       OK ] ShuffleSurface.InspectorColumnSwitchRetainsTheOpenMapping (3396 ms)
[ RUN      ] ShuffleSurface.NamedDataLayerDoesNotSubstitutePixelsWhenItDisappears
[libx264 @ 0x51900077d380] using cpu capabilities: MMX2 SSE2Fast SSSE3 SSE4.2 AVX FMA3 BMI2 AVX2
[libx264 @ 0x51900077d380] profile High, level 3.1, 4:2:0, 8-bit
qrc:/qt/qml/Nemo/qml/StudioComboBox.qml:122:13: QML Connections: Detected function "onMutedChanged" in Connections element. This is probably intended to be a signal handler but no signal of the target matches the name.
qrc:/qt/qml/Nemo/qml/StudioComboBox.qml:122:13: QML Connections: Detected function "onMutedChanged" in Connections element. This is probably intended to be a signal handler but no signal of the target matches the name.
qrc:/qt/qml/Nemo/qml/StudioComboBox.qml:122:13: QML Connections: Detected function "onMutedChanged" in Connections element. This is probably intended to be a signal handler but no signal of the target matches the name.
qrc:/qt/qml/Nemo/qml/StudioComboBox.qml:122:13: QML Connections: Detected function "onMutedChanged" in Connections element. This is probably intended to be a signal handler but no signal of the target matches the name.
qrc:/qt/qml/Nemo/qml/StudioComboBox.qml:122:13: QML Connections: Detected function "onMutedChanged" in Connections element. This is probably intended to be a signal handler but no signal of the target matches the name.
qrc:/qt/qml/Nemo/qml/StudioComboBox.qml:122:13: QML Connections: Detected function "onMutedChanged" in Connections element. This is probably intended to be a signal handler but no signal of the target matches the name.
[libx264 @ 0x51900077d380] frame I:2     Avg QP: 0.00  size:   374
[libx264 @ 0x51900077d380] mb I  I16..4: 100.0%  0.0%  0.0%
[libx264 @ 0x51900077d380] final ratefactor: -41.64
[libx264 @ 0x51900077d380] 8x8 transform intra:0.0%
[libx264 @ 0x51900077d380] coded y,uvDC,uvAC intra: 0.0% 50.0% 0.0%
[libx264 @ 0x51900077d380] i16 v,h,dc,p:  0%  0% 100%  0%
[libx264 @ 0x51900077d380] i8c dc,h,v,p: 100%  0%  0%  0%
[libx264 @ 0x51900077d380] kb/s:71.71
[       OK ] ShuffleSurface.NamedDataLayerDoesNotSubstitutePixelsWhenItDisappears (3822 ms)
[ RUN      ] ShuffleSurface.ModifierRoutingUsesConsecutiveSourcesAndExactNamesAcrossGroups
[libx264 @ 0x5190005bae80] using cpu capabilities: MMX2 SSE2Fast SSSE3 SSE4.2 AVX FMA3 BMI2 AVX2
[libx264 @ 0x5190005bae80] profile High, level 3.1, 4:2:0, 8-bit
qrc:/qt/qml/Nemo/qml/StudioComboBox.qml:122:13: QML Connections: Detected function "onMutedChanged" in Connections element. This is probably intended to be a signal handler but no signal of the target matches the name.
qrc:/qt/qml/Nemo/qml/StudioComboBox.qml:122:13: QML Connections: Detected function "onMutedChanged" in Connections element. This is probably intended to be a signal handler but no signal of the target matches the name.
qrc:/qt/qml/Nemo/qml/StudioComboBox.qml:122:13: QML Connections: Detected function "onMutedChanged" in Connections element. This is probably intended to be a signal handler but no signal of the target matches the name.
qrc:/qt/qml/Nemo/qml/StudioComboBox.qml:122:13: QML Connections: Detected function "onMutedChanged" in Connections element. This is probably intended to be a signal handler but no signal of the target matches the name.
qrc:/qt/qml/Nemo/qml/StudioComboBox.qml:122:13: QML Connections: Detected function "onMutedChanged" in Connections element. This is probably intended to be a signal handler but no signal of the target matches the name.
qrc:/qt/qml/Nemo/qml/StudioComboBox.qml:122:13: QML Connections: Detected function "onMutedChanged" in Connections element. This is probably intended to be a signal handler but no signal of the target matches the name.
[libx264 @ 0x5190005bae80] frame I:14    Avg QP: 0.00  size:   106
[libx264 @ 0x5190005bae80] mb I  I16..4: 100.0%  0.0%  0.0%
[libx264 @ 0x5190005bae80] final ratefactor: -50.12
[libx264 @ 0x5190005bae80] 8x8 transform intra:0.0%
[libx264 @ 0x5190005bae80] coded y,uvDC,uvAC intra: 0.0% 78.6% 0.0%
[libx264 @ 0x5190005bae80] i16 v,h,dc,p:  0%  0% 100%  0%
[libx264 @ 0x5190005bae80] i8c dc,h,v,p: 100%  0%  0%  0%
[libx264 @ 0x5190005bae80] kb/s:20.30
[       OK ] ShuffleSurface.ModifierRoutingUsesConsecutiveSourcesAndExactNamesAcrossGroups (8418 ms)
[ RUN      ] ShuffleSurface.CrossGroupWiresFollowTheirSelectorThroughReorderAndDisconnection
[libx264 @ 0x519000a62780] using cpu capabilities: MMX2 SSE2Fast SSSE3 SSE4.2 AVX FMA3 BMI2 AVX2
[libx264 @ 0x519000a62780] profile High, level 3.1, 4:2:0, 8-bit
qrc:/qt/qml/Nemo/qml/StudioComboBox.qml:122:13: QML Connections: Detected function "onMutedChanged" in Connections element. This is probably intended to be a signal handler but no signal of the target matches the name.
qrc:/qt/qml/Nemo/qml/StudioComboBox.qml:122:13: QML Connections: Detected function "onMutedChanged" in Connections element. This is probably intended to be a signal handler but no signal of the target matches the name.
qrc:/qt/qml/Nemo/qml/StudioComboBox.qml:122:13: QML Connections: Detected function "onMutedChanged" in Connections element. This is probably intended to be a signal handler but no signal of the target matches the name.
qrc:/qt/qml/Nemo/qml/StudioComboBox.qml:122:13: QML Connections: Detected function "onMutedChanged" in Connections element. This is probably intended to be a signal handler but no signal of the target matches the name.
qrc:/qt/qml/Nemo/qml/StudioComboBox.qml:122:13: QML Connections: Detected function "onMutedChanged" in Connections element. This is probably intended to be a signal handler but no signal of the target matches the name.
qrc:/qt/qml/Nemo/qml/StudioComboBox.qml:122:13: QML Connections: Detected function "onMutedChanged" in Connections element. This is probably intended to be a signal handler but no signal of the target matches the name.
[libx264 @ 0x519000a62780] frame I:12    Avg QP: 0.67  size:   116
[libx264 @ 0x519000a62780] mb I  I16..4: 83.3% 16.7%  0.0%
[libx264 @ 0x519000a62780] final ratefactor: -50.58
[libx264 @ 0x519000a62780] 8x8 transform intra:16.7%
[libx264 @ 0x519000a62780] coded y,uvDC,uvAC intra: 4.2% 16.7% 0.0%
[libx264 @ 0x519000a62780] i16 v,h,dc,p:  0%  0% 100%  0%
[libx264 @ 0x519000a62780] i8 v,h,dc,ddl,ddr,vr,hd,vl,hu:  0%  0% 100%  0%  0%  0%  0%  0%  0%
[libx264 @ 0x519000a62780] i8c dc,h,v,p: 100%  0%  0%  0%
[libx264 @ 0x519000a62780] kb/s:22.19
[       OK ] ShuffleSurface.CrossGroupWiresFollowTheirSelectorThroughReorderAndDisconnection (8743 ms)
[ RUN      ] ShuffleSurface.SharedRoutingKeysHoldTheirValuesAfterHistoryAndReopen
[libx264 @ 0x519000b38380] using cpu capabilities: MMX2 SSE2Fast SSSE3 SSE4.2 AVX FMA3 BMI2 AVX2
[libx264 @ 0x519000b38380] profile High, level 3.1, 4:2:0, 8-bit
qrc:/qt/qml/Nemo/qml/StudioComboBox.qml:122:13: QML Connections: Detected function "onMutedChanged" in Connections element. This is probably intended to be a signal handler but no signal of the target matches the name.
qrc:/qt/qml/Nemo/qml/StudioComboBox.qml:122:13: QML Connections: Detected function "onMutedChanged" in Connections element. This is probably intended to be a signal handler but no signal of the target matches the name.
qrc:/qt/qml/Nemo/qml/StudioComboBox.qml:122:13: QML Connections: Detected function "onMutedChanged" in Connections element. This is probably intended to be a signal handler but no signal of the target matches the name.
qrc:/qt/qml/Nemo/qml/StudioComboBox.qml:122:13: QML Connections: Detected function "onMutedChanged" in Connections element. This is probably intended to be a signal handler but no signal of the target matches the name.
qrc:/qt/qml/Nemo/qml/StudioComboBox.qml:122:13: QML Connections: Detected function "onMutedChanged" in Connections element. This is probably intended to be a signal handler but no signal of the target matches the name.
qrc:/qt/qml/Nemo/qml/StudioComboBox.qml:122:13: QML Connections: Detected function "onMutedChanged" in Connections element. This is probably intended to be a signal handler but no signal of the target matches the name.
[libx264 @ 0x519000b38380] frame I:1     Avg QP: 0.00  size:   689
[libx264 @ 0x519000b38380] mb I  I16..4: 100.0%  0.0%  0.0%
[libx264 @ 0x519000b38380] final ratefactor: -38.75
[libx264 @ 0x519000b38380] 8x8 transform intra:0.0%
[libx264 @ 0x519000b38380] coded y,uvDC,uvAC intra: 0.0% 100.0% 0.0%
[libx264 @ 0x519000b38380] i16 v,h,dc,p:  0%  0% 100%  0%
[libx264 @ 0x519000b38380] i8c dc,h,v,p: 100%  0%  0%  0%
[libx264 @ 0x519000b38380] kb/s:132.29
[       OK ] ShuffleSurface.SharedRoutingKeysHoldTheirValuesAfterHistoryAndReopen (5541 ms)
[ RUN      ] ShuffleSurface.MissingCustomEditorKeepsGenericMappingEditableAndRecovers
[libx264 @ 0x51900065ea80] using cpu capabilities: MMX2 SSE2Fast SSSE3 SSE4.2 AVX FMA3 BMI2 AVX2
[libx264 @ 0x51900065ea80] profile High, level 3.1, 4:2:0, 8-bit
qrc:/qt/qml/Nemo/qml/StudioComboBox.qml:122:13: QML Connections: Detected function "onMutedChanged" in Connections element. This is probably intended to be a signal handler but no signal of the target matches the name.
qrc:/qt/qml/Nemo/qml/StudioComboBox.qml:122:13: QML Connections: Detected function "onMutedChanged" in Connections element. This is probably intended to be a signal handler but no signal of the target matches the name.
qrc:/qt/qml/Nemo/qml/StudioComboBox.qml:122:13: QML Connections: Detected function "onMutedChanged" in Connections element. This is probably intended to be a signal handler but no signal of the target matches the name.
qrc:/qt/qml/Nemo/qml/StudioComboBox.qml:122:13: QML Connections: Detected function "onMutedChanged" in Connections element. This is probably intended to be a signal handler but no signal of the target matches the name.
qrc:/qt/qml/Nemo/qml/StudioComboBox.qml:122:13: QML Connections: Detected function "onMutedChanged" in Connections element. This is probably intended to be a signal handler but no signal of the target matches the name.
qrc:/qt/qml/Nemo/qml/StudioComboBox.qml:122:13: QML Connections: Detected function "onMutedChanged" in Connections element. This is probably intended to be a signal handler but no signal of the target matches the name.
qrc:/qt/qml/Nemo/qml/StudioComboBox.qml:122:13: QML Connections: Detected function "onMutedChanged" in Connections element. This is probably intended to be a signal handler but no signal of the target matches the name.
qrc:/qt/qml/Nemo/qml/StudioComboBox.qml:122:13: QML Connections: Detected function "onMutedChanged" in Connections element. This is probably intended to be a signal handler but no signal of the target matches the name.
qrc:/qt/qml/Nemo/qml/StudioComboBox.qml:122:13: QML Connections: Detected function "onMutedChanged" in Connections element. This is probably intended to be a signal handler but no signal of the target matches the name.
qrc:/qt/qml/Nemo/qml/StudioComboBox.qml:122:13: QML Connections: Detected function "onMutedChanged" in Connections element. This is probably intended to be a signal handler but no signal of the target matches the name.
qrc:/qt/qml/Nemo/qml/StudioComboBox.qml:122:13: QML Connections: Detected function "onMutedChanged" in Connections element. This is probably intended to be a signal handler but no signal of the target matches the name.
qrc:/qt/qml/Nemo/qml/StudioComboBox.qml:122:13: QML Connections: Detected function "onMutedChanged" in Connections element. This is probably intended to be a signal handler but no signal of the target matches the name.
[libx264 @ 0x51900065ea80] frame I:3     Avg QP: 0.00  size:   271
[libx264 @ 0x51900065ea80] mb I  I16..4: 100.0%  0.0%  0.0%
[libx264 @ 0x51900065ea80] final ratefactor: -43.47
[libx264 @ 0x51900065ea80] 8x8 transform intra:0.0%
[libx264 @ 0x51900065ea80] coded y,uvDC,uvAC intra: 0.0% 100.0% 0.0%
[libx264 @ 0x51900065ea80] i16 v,h,dc,p:  0%  0% 100%  0%
[libx264 @ 0x51900065ea80] i8c dc,h,v,p: 100%  0%  0%  0%
[libx264 @ 0x51900065ea80] kb/s:52.03
[       OK ] ShuffleSurface.MissingCustomEditorKeepsGenericMappingEditableAndRecovers (4727 ms)
[ RUN      ] ShuffleSurface.LayerMenusKeepAuthoredReadoutsWhileDescriptionsChange
[libx264 @ 0x519000b1f880] using cpu capabilities: MMX2 SSE2Fast SSSE3 SSE4.2 AVX FMA3 BMI2 AVX2
[libx264 @ 0x519000b1f880] profile High, level 3.1, 4:2:0, 8-bit
qrc:/qt/qml/Nemo/qml/StudioComboBox.qml:122:13: QML Connections: Detected function "onMutedChanged" in Connections element. This is probably intended to be a signal handler but no signal of the target matches the name.
qrc:/qt/qml/Nemo/qml/StudioComboBox.qml:122:13: QML Connections: Detected function "onMutedChanged" in Connections element. This is probably intended to be a signal handler but no signal of the target matches the name.
qrc:/qt/qml/Nemo/qml/StudioComboBox.qml:122:13: QML Connections: Detected function "onMutedChanged" in Connections element. This is probably intended to be a signal handler but no signal of the target matches the name.
qrc:/qt/qml/Nemo/qml/StudioComboBox.qml:122:13: QML Connections: Detected function "onMutedChanged" in Connections element. This is probably intended to be a signal handler but no signal of the target matches the name.
qrc:/qt/qml/Nemo/qml/StudioComboBox.qml:122:13: QML Connections: Detected function "onMutedChanged" in Connections element. This is probably intended to be a signal handler but no signal of the target matches the name.
qrc:/qt/qml/Nemo/qml/StudioComboBox.qml:122:13: QML Connections: Detected function "onMutedChanged" in Connections element. This is probably intended to be a signal handler but no signal of the target matches the name.
[libx264 @ 0x519000b1f880] frame I:4     Avg QP: 0.00  size:   220
[libx264 @ 0x519000b1f880] mb I  I16..4: 100.0%  0.0%  0.0%
[libx264 @ 0x519000b1f880] final ratefactor: -44.80
[libx264 @ 0x519000b1f880] 8x8 transform intra:0.0%
[libx264 @ 0x519000b1f880] coded y,uvDC,uvAC intra: 0.0% 100.0% 0.0%
[libx264 @ 0x519000b1f880] i16 v,h,dc,p:  0%  0% 100%  0%
[libx264 @ 0x519000b1f880] i8c dc,h,v,p: 100%  0%  0%  0%
[libx264 @ 0x519000b1f880] kb/s:42.14
[       OK ] ShuffleSurface.LayerMenusKeepAuthoredReadoutsWhileDescriptionsChange (4321 ms)
[ RUN      ] ShuffleSurface.OutputLayerMenuUsesRealChannelsAndOpensTheSharedNewDialog
[libx264 @ 0x519000b52c80] using cpu capabilities: MMX2 SSE2Fast SSSE3 SSE4.2 AVX FMA3 BMI2 AVX2
[libx264 @ 0x519000b52c80] profile High, level 3.1, 4:2:0, 8-bit
qrc:/qt/qml/Nemo/qml/StudioComboBox.qml:122:13: QML Connections: Detected function "onMutedChanged" in Connections element. This is probably intended to be a signal handler but no signal of the target matches the name.
qrc:/qt/qml/Nemo/qml/StudioComboBox.qml:122:13: QML Connections: Detected function "onMutedChanged" in Connections element. This is probably intended to be a signal handler but no signal of the target matches the name.
qrc:/qt/qml/Nemo/qml/StudioComboBox.qml:122:13: QML Connections: Detected function "onMutedChanged" in Connections element. This is probably intended to be a signal handler but no signal of the target matches the name.
qrc:/qt/qml/Nemo/qml/StudioComboBox.qml:122:13: QML Connections: Detected function "onMutedChanged" in Connections element. This is probably intended to be a signal handler but no signal of the target matches the name.
qrc:/qt/qml/Nemo/qml/StudioComboBox.qml:122:13: QML Connections: Detected function "onMutedChanged" in Connections element. This is probably intended to be a signal handler but no signal of the target matches the name.
qrc:/qt/qml/Nemo/qml/StudioComboBox.qml:122:13: QML Connections: Detected function "onMutedChanged" in Connections element. This is probably intended to be a signal handler but no signal of the target matches the name.
[libx264 @ 0x519000b52c80] frame I:2     Avg QP: 0.00  size:   376
[libx264 @ 0x519000b52c80] mb I  I16..4: 100.0%  0.0%  0.0%
[libx264 @ 0x519000b52c80] final ratefactor: -41.59
[libx264 @ 0x519000b52c80] 8x8 transform intra:0.0%
[libx264 @ 0x519000b52c80] coded y,uvDC,uvAC intra: 0.0% 100.0% 0.0%
[libx264 @ 0x519000b52c80] i16 v,h,dc,p:  0%  0% 100%  0%
[libx264 @ 0x519000b52c80] i8c dc,h,v,p: 100%  0%  0%  0%
[libx264 @ 0x519000b52c80] kb/s:72.19
[       OK ] ShuffleSurface.OutputLayerMenuUsesRealChannelsAndOpensTheSharedNewDialog (4084 ms)
[ RUN      ] ShuffleSurface.AlphaOnlyViewingBypassesColorAndCreatedRgbUsesNamedRoles
[libx264 @ 0x519000073080] using cpu capabilities: MMX2 SSE2Fast SSSE3 SSE4.2 AVX FMA3 BMI2 AVX2
[libx264 @ 0x519000073080] profile High, level 3.1, 4:2:0, 8-bit
qrc:/qt/qml/Nemo/qml/StudioComboBox.qml:122:13: QML Connections: Detected function "onMutedChanged" in Connections element. This is probably intended to be a signal handler but no signal of the target matches the name.
qrc:/qt/qml/Nemo/qml/StudioComboBox.qml:122:13: QML Connections: Detected function "onMutedChanged" in Connections element. This is probably intended to be a signal handler but no signal of the target matches the name.
qrc:/qt/qml/Nemo/qml/StudioComboBox.qml:122:13: QML Connections: Detected function "onMutedChanged" in Connections element. This is probably intended to be a signal handler but no signal of the target matches the name.
qrc:/qt/qml/Nemo/qml/StudioComboBox.qml:122:13: QML Connections: Detected function "onMutedChanged" in Connections element. This is probably intended to be a signal handler but no signal of the target matches the name.
qrc:/qt/qml/Nemo/qml/StudioComboBox.qml:122:13: QML Connections: Detected function "onMutedChanged" in Connections element. This is probably intended to be a signal handler but no signal of the target matches the name.
qrc:/qt/qml/Nemo/qml/StudioComboBox.qml:122:13: QML Connections: Detected function "onMutedChanged" in Connections element. This is probably intended to be a signal handler but no signal of the target matches the name.
[libx264 @ 0x519000073080] frame I:1     Avg QP: 0.00  size:   689
[libx264 @ 0x519000073080] mb I  I16..4: 100.0%  0.0%  0.0%
[libx264 @ 0x519000073080] final ratefactor: -38.75
[libx264 @ 0x519000073080] 8x8 transform intra:0.0%
[libx264 @ 0x519000073080] coded y,uvDC,uvAC intra: 0.0% 100.0% 0.0%
[libx264 @ 0x519000073080] i16 v,h,dc,p:  0%  0% 100%  0%
[libx264 @ 0x519000073080] i8c dc,h,v,p: 100%  0%  0%  0%
[libx264 @ 0x519000073080] kb/s:132.29
[libx264 @ 0x51900049a780] using cpu capabilities: MMX2 SSE2Fast SSSE3 SSE4.2 AVX FMA3 BMI2 AVX2
[libx264 @ 0x51900049a780] profile High, level 3.1, 4:2:0, 8-bit
[libx264 @ 0x51900049a780] frame I:2     Avg QP: 1.50  size:   375
[libx264 @ 0x51900049a780] mb I  I16..4: 50.0%  0.0% 50.0%
[libx264 @ 0x51900049a780] final ratefactor: -35.07
[libx264 @ 0x51900049a780] 8x8 transform intra:0.0%
[libx264 @ 0x51900049a780] coded y,uvDC,uvAC intra: 12.5% 0.0% 0.0%
[libx264 @ 0x51900049a780] i16 v,h,dc,p:  0%  0% 100%  0%
[libx264 @ 0x51900049a780] i4 v,h,dc,ddl,ddr,vr,hd,vl,hu: 75%  0% 25%  0%  0%  0%  0%  0%  0%
[libx264 @ 0x51900049a780] i8c dc,h,v,p: 100%  0%  0%  0%
[libx264 @ 0x51900049a780] kb/s:72.00
[       OK ] ShuffleSurface.AlphaOnlyViewingBypassesColorAndCreatedRgbUsesNamedRoles (4606 ms)
[----------] 11 tests from ShuffleSurface (56940 ms total)

[----------] Global test environment tear-down
[==========] 18 tests from 2 test suites ran. (105985 ms total)
[  PASSED  ] 18 tests.

=================================================================
==3521668==ERROR: LeakSanitizer: detected memory leaks

Direct leak of 12144 byte(s) in 66 object(s) allocated from:
    #0 0x79ca858fe548 in operator new(unsigned long) ../../../../src/libsanitizer/asan/asan_new_delete.cpp:95
    #1 0x79ca81694cb7 in QQmlData::createQQmlData(QObjectPrivate*) (/lib/x86_64-linux-gnu/libQt6Qml.so.6+0x294cb7) (BuildId: f6f075b4867a6d099e32cf491a803ac714a1e7f1)
    #2 0x79ca81658c08 in qmlAttachedPropertiesObject(QObject*, QObject* (*)(QObject*), bool) (/lib/x86_64-linux-gnu/libQt6Qml.so.6+0x258c08) (BuildId: f6f075b4867a6d099e32cf491a803ac714a1e7f1)
    #3 0x79ca7ab06bac in QQuickControl::setAccessibleProperty(char const*, QVariant const&) (/lib/x86_64-linux-gnu/libQt6QuickTemplates2.so.6+0x106bac) (BuildId: 52376c64155dc8f326751a30312723e0f0a155c4)
    #4 0x79ca7aad9cc0 in QQuickAbstractButton::setCheckable(bool) (/lib/x86_64-linux-gnu/libQt6QuickTemplates2.so.6+0xd9cc0) (BuildId: 52376c64155dc8f326751a30312723e0f0a155c4)
    #5 0x79ca7abbd8d6  (/lib/x86_64-linux-gnu/libQt6QuickTemplates2.so.6+0x1bd8d6) (BuildId: 52376c64155dc8f326751a30312723e0f0a155c4)
    #6 0x79ca8171e4f6 in QQmlType::create(void**, unsigned long) const (/lib/x86_64-linux-gnu/libQt6Qml.so.6+0x31e4f6) (BuildId: f6f075b4867a6d099e32cf491a803ac714a1e7f1)
    #7 0x79ca816de698 in QQmlObjectCreator::createInstance(int, QObject*, bool) (/lib/x86_64-linux-gnu/libQt6Qml.so.6+0x2de698) (BuildId: f6f075b4867a6d099e32cf491a803ac714a1e7f1)
    #8 0x79ca816df2a2 in QQmlObjectCreator::create(int, QObject*, QQmlInstantiationInterrupt*, int) (/lib/x86_64-linux-gnu/libQt6Qml.so.6+0x2df2a2) (BuildId: f6f075b4867a6d099e32cf491a803ac714a1e7f1)
    #9 0x79ca816de2fa in QQmlObjectCreator::createInstance(int, QObject*, bool) (/lib/x86_64-linux-gnu/libQt6Qml.so.6+0x2de2fa) (BuildId: f6f075b4867a6d099e32cf491a803ac714a1e7f1)
    #10 0x79ca816e058c in QQmlObjectCreator::setPropertyBinding(QQmlPropertyData const*, QV4::CompiledData::Binding const*) (/lib/x86_64-linux-gnu/libQt6Qml.so.6+0x2e058c) (BuildId: f6f075b4867a6d099e32cf491a803ac714a1e7f1)
    #11 0x79ca816e2aa5 in QQmlObjectCreator::setupBindings(QFlags<QQmlObjectCreator::BindingMode>) (/lib/x86_64-linux-gnu/libQt6Qml.so.6+0x2e2aa5) (BuildId: f6f075b4867a6d099e32cf491a803ac714a1e7f1)
    #12 0x79ca816ead1a in QQmlObjectCreator::populateInstance(int, QObject*, QObject*, QQmlPropertyData const*, QV4::CompiledData::Binding const*) (/lib/x86_64-linux-gnu/libQt6Qml.so.6+0x2ead1a) (BuildId: f6f075b4867a6d099e32cf491a803ac714a1e7f1)
    #13 0x79ca816ddf93 in QQmlObjectCreator::createInstance(int, QObject*, bool) (/lib/x86_64-linux-gnu/libQt6Qml.so.6+0x2ddf93) (BuildId: f6f075b4867a6d099e32cf491a803ac714a1e7f1)
    #14 0x79ca816e058c in QQmlObjectCreator::setPropertyBinding(QQmlPropertyData const*, QV4::CompiledData::Binding const*) (/lib/x86_64-linux-gnu/libQt6Qml.so.6+0x2e058c) (BuildId: f6f075b4867a6d099e32cf491a803ac714a1e7f1)
    #15 0x79ca816e2aa5 in QQmlObjectCreator::setupBindings(QFlags<QQmlObjectCreator::BindingMode>) (/lib/x86_64-linux-gnu/libQt6Qml.so.6+0x2e2aa5) (BuildId: f6f075b4867a6d099e32cf491a803ac714a1e7f1)
    #16 0x79ca816ead1a in QQmlObjectCreator::populateInstance(int, QObject*, QObject*, QQmlPropertyData const*, QV4::CompiledData::Binding const*) (/lib/x86_64-linux-gnu/libQt6Qml.so.6+0x2ead1a) (BuildId: f6f075b4867a6d099e32cf491a803ac714a1e7f1)
    #17 0x79ca816ddf93 in QQmlObjectCreator::createInstance(int, QObject*, bool) (/lib/x86_64-linux-gnu/libQt6Qml.so.6+0x2ddf93) (BuildId: f6f075b4867a6d099e32cf491a803ac714a1e7f1)
    #18 0x79ca816e058c in QQmlObjectCreator::setPropertyBinding(QQmlPropertyData const*, QV4::CompiledData::Binding const*) (/lib/x86_64-linux-gnu/libQt6Qml.so.6+0x2e058c) (BuildId: f6f075b4867a6d099e32cf491a803ac714a1e7f1)
    #19 0x79ca816e2aa5 in QQmlObjectCreator::setupBindings(QFlags<QQmlObjectCreator::BindingMode>) (/lib/x86_64-linux-gnu/libQt6Qml.so.6+0x2e2aa5) (BuildId: f6f075b4867a6d099e32cf491a803ac714a1e7f1)
    #20 0x79ca816ead1a in QQmlObjectCreator::populateInstance(int, QObject*, QObject*, QQmlPropertyData const*, QV4::CompiledData::Binding const*) (/lib/x86_64-linux-gnu/libQt6Qml.so.6+0x2ead1a) (BuildId: f6f075b4867a6d099e32cf491a803ac714a1e7f1)
    #21 0x79ca816ddf93 in QQmlObjectCreator::createInstance(int, QObject*, bool) (/lib/x86_64-linux-gnu/libQt6Qml.so.6+0x2ddf93) (BuildId: f6f075b4867a6d099e32cf491a803ac714a1e7f1)
    #22 0x79ca816df2a2 in QQmlObjectCreator::create(int, QObject*, QQmlInstantiationInterrupt*, int) (/lib/x86_64-linux-gnu/libQt6Qml.so.6+0x2df2a2) (BuildId: f6f075b4867a6d099e32cf491a803ac714a1e7f1)
    #23 0x79ca816ba0ba in QQmlIncubatorPrivate::incubate(QQmlInstantiationInterrupt&) (/lib/x86_64-linux-gnu/libQt6Qml.so.6+0x2ba0ba) (BuildId: f6f075b4867a6d099e32cf491a803ac714a1e7f1)
    #24 0x79ca816ba9c7 in QQmlEnginePrivate::incubate(QQmlIncubator&, QQmlRefPointer<QQmlContextData> const&) (/lib/x86_64-linux-gnu/libQt6Qml.so.6+0x2ba9c7) (BuildId: f6f075b4867a6d099e32cf491a803ac714a1e7f1)
    #25 0x79ca8167afe1 in QQmlComponent::create(QQmlIncubator&, QQmlContext*, QQmlContext*) (/lib/x86_64-linux-gnu/libQt6Qml.so.6+0x27afe1) (BuildId: f6f075b4867a6d099e32cf491a803ac714a1e7f1)
    #26 0x79ca82401b89  (/lib/x86_64-linux-gnu/libQt6Quick.so.6+0x201b89) (BuildId: 1a2ef7287440c29c0d97c64a38044e68883be729)
    #27 0x79ca816db11e in QQmlObjectCreator::finalize(QQmlInstantiationInterrupt&) (/lib/x86_64-linux-gnu/libQt6Qml.so.6+0x2db11e) (BuildId: f6f075b4867a6d099e32cf491a803ac714a1e7f1)
    #28 0x79ca816b9fee in QQmlIncubatorPrivate::incubate(QQmlInstantiationInterrupt&) (/lib/x86_64-linux-gnu/libQt6Qml.so.6+0x2b9fee) (BuildId: f6f075b4867a6d099e32cf491a803ac714a1e7f1)
    #29 0x79ca816ba9c7 in QQmlEnginePrivate::incubate(QQmlIncubator&, QQmlRefPointer<QQmlContextData> const&) (/lib/x86_64-linux-gnu/libQt6Qml.so.6+0x2ba9c7) (BuildId: f6f075b4867a6d099e32cf491a803ac714a1e7f1)

Direct leak of 96 byte(s) in 1 object(s) allocated from:
    #0 0x79ca858fd340 in calloc ../../../../src/libsanitizer/asan/asan_malloc_linux.cpp:77
    #1 0x79ca7318a6ec  (/lib/x86_64-linux-gnu/libwayland-client.so.0+0xa6ec) (BuildId: 10d25f1460c9fbc5c38093fad3e9d0a47fc87f18)
    #2 0x79ca7318a8a4 in wl_proxy_marshal_array_flags (/lib/x86_64-linux-gnu/libwayland-client.so.0+0xa8a4) (BuildId: 10d25f1460c9fbc5c38093fad3e9d0a47fc87f18)
    #3 0x79ca7318b68e in wl_proxy_marshal_constructor_versioned (/lib/x86_64-linux-gnu/libwayland-client.so.0+0xb68e) (BuildId: 10d25f1460c9fbc5c38093fad3e9d0a47fc87f18)
    #4 0x79ca7323338f in QtWayland::wl_subcompositor::init(wl_registry*, unsigned int, int) (/lib/x86_64-linux-gnu/libQt6WaylandClient.so.6+0xa138f) (BuildId: a1004954d5cd39403c509a216c3b26b8cd0fa3f1)
    #5 0x79ca73208094 in QtWaylandClient::QWaylandDisplay::registry_global(unsigned int, QString const&, unsigned int) (/lib/x86_64-linux-gnu/libQt6WaylandClient.so.6+0x76094) (BuildId: a1004954d5cd39403c509a216c3b26b8cd0fa3f1)
    #6 0x79ca7322f154 in QtWayland::wl_registry::handle_global(void*, wl_registry*, unsigned int, char const*, unsigned int) (/lib/x86_64-linux-gnu/libQt6WaylandClient.so.6+0x9d154) (BuildId: a1004954d5cd39403c509a216c3b26b8cd0fa3f1)
    #7 0x79ca7f67fb15  (/lib/x86_64-linux-gnu/libffi.so.8+0x7b15) (BuildId: c9149b6e99105aa4321ddd4a10ee4b90de7b7d49)

Direct leak of 96 byte(s) in 1 object(s) allocated from:
    #0 0x79ca858fd340 in calloc ../../../../src/libsanitizer/asan/asan_malloc_linux.cpp:77
    #1 0x79ca7318a6ec  (/lib/x86_64-linux-gnu/libwayland-client.so.0+0xa6ec) (BuildId: 10d25f1460c9fbc5c38093fad3e9d0a47fc87f18)
    #2 0x79ca7318a8a4 in wl_proxy_marshal_array_flags (/lib/x86_64-linux-gnu/libwayland-client.so.0+0xa8a4) (BuildId: 10d25f1460c9fbc5c38093fad3e9d0a47fc87f18)
    #3 0x79ca7318b7a7 in wl_proxy_marshal_flags (/lib/x86_64-linux-gnu/libwayland-client.so.0+0xb7a7) (BuildId: 10d25f1460c9fbc5c38093fad3e9d0a47fc87f18)
    #4 0x79ca731fe06b in QtWaylandClient::QWaylandDisplay::QWaylandDisplay(QtWaylandClient::QWaylandIntegration*) (/lib/x86_64-linux-gnu/libQt6WaylandClient.so.6+0x6c06b) (BuildId: a1004954d5cd39403c509a216c3b26b8cd0fa3f1)
    #5 0x79ca7321a6b8 in QtWaylandClient::QWaylandIntegration::QWaylandIntegration() (/lib/x86_64-linux-gnu/libQt6WaylandClient.so.6+0x886b8) (BuildId: a1004954d5cd39403c509a216c3b26b8cd0fa3f1)
    #6 0x79ca76508531  (/usr/lib/x86_64-linux-gnu/qt6/plugins/platforms/libqwayland-generic.so+0x2531) (BuildId: d0965df69ace3c852f1b649b4c38e7137a9d8050)
    #7 0x79ca81b93141 in QGuiApplicationPrivate::createPlatformIntegration() (/lib/x86_64-linux-gnu/libQt6Gui.so.6+0x193141) (BuildId: 500dda7095f45c8cd1ba0bf43fd4bb9448174ad5)
    #8 0x79ca81b9485f in QGuiApplicationPrivate::createEventDispatcher() (/lib/x86_64-linux-gnu/libQt6Gui.so.6+0x19485f) (BuildId: 500dda7095f45c8cd1ba0bf43fd4bb9448174ad5)
    #9 0x79ca80d3c8b5 in QCoreApplicationPrivate::init() (/lib/x86_64-linux-gnu/libQt6Core.so.6+0x13c8b5) (BuildId: 9b85b15d08445ceca32a75ffedf3453d8c6fab47)
    #10 0x79ca81b948fe in QGuiApplicationPrivate::init() (/lib/x86_64-linux-gnu/libQt6Gui.so.6+0x1948fe) (BuildId: 500dda7095f45c8cd1ba0bf43fd4bb9448174ad5)

[Artifact storage: ~/.omp/agent/sessions/-dev-Nemo_Dev2/2026-09-16T03-43-58-629Z_01a0a850-6ea5-70f2-bfd9-e27ac9c2f673/603.bash-original.log (74.4KB). Use artifact://603:N-M to page, artifact://603:raw:N-M for verbatim chunks, and the artifact file path for search/copy workflows.]

[Showing lines 1-300 of 556. Use :301 to continue]