nemo43-step-start {"index":0,"kind":"attach","request":{"engineFound":true,"windowObjectName":"mainWindow"},"startedMs":167}
nemo43-step-start {"index":1,"kind":"invoke","request":{"args":["A"],"kind":"invoke","method":"revealMediaPanel","target":"mediaLibrary"},"startedMs":167}
nemo43-step-start {"index":2,"kind":"waitForPanel","request":{"group":"A","kind":"waitForPanel","panelType":"media","timeoutMs":500},"startedMs":172}
nemo43-step-start {"index":3,"kind":"invoke","request":{"args":["panel-1"],"kind":"invoke","method":"closePanel","target":"workspace"},"startedMs":688}
nemo43-step-start {"index":4,"kind":"invoke","request":{"args":["panel-3"],"kind":"invoke","method":"closePanel","target":"workspace"},"startedMs":724}
nemo43-step-start {"index":5,"kind":"invoke","request":{"args":["panel-8"],"kind":"invoke","method":"closePanel","target":"workspace"},"startedMs":754}
nemo43-step-start {"index":6,"kind":"invoke","request":{"args":["panel-6"],"kind":"invoke","method":"closePanel","target":"workspace"},"startedMs":779}
nemo43-step-start {"index":7,"kind":"resizeWindow","request":{"height":640,"kind":"resizeWindow","width":1274},"startedMs":780}
nemo43-step-start {"index":8,"kind":"setPanelState","request":{"group":"A","kind":"setPanelState","panelType":"media","state":{"projectScope":true,"viewMode":"list"}},"startedMs":780}
nemo43-step-start {"index":9,"kind":"wait","request":{"kind":"wait","ms":400},"startedMs":781}
nemo43-step-start {"index":10,"kind":"invoke","request":{"args":[["/tmp/nemo43-smoke/still.png","/tmp/nemo43-smoke/tagged.mkv","/tmp/nemo43-smoke/ambiguous.mkv","/tmp/nemo43-smoke/unsupported.png","/tmp/nemo43-smoke/corrupt.exr","/tmp/nemo43-smoke/offline.png"],"root",0],"kind":"invoke","method":"importPaths","target":"mediaLibrary"},"startedMs":1189}
nemo43-step-start {"index":11,"kind":"invoke","request":{"args":[["/tmp/nemo43-smoke/shot.####.exr"],"root",1001],"kind":"invoke","method":"importPaths","target":"mediaLibrary"},"startedMs":1243}
nemo43-step-start {"index":12,"kind":"probe","request":{"intervalMs":16,"kind":"probe","ticks":90},"startedMs":1280}
[exr @ 0x7e956c0f76c0] Wrong magic number 544501614.
[image2 @ 0x7e956c0fa040] Could not find codec parameters for stream 0 (Video: exr, none): unspecified size
Consider increasing the value for the 'analyzeduration' (0) and 'probesize' (5000000) options
nemo43-step-start {"index":13,"kind":"wait","request":{"kind":"wait","ms":1000},"startedMs":3049}
nemo43-step-start {"index":14,"kind":"capture","request":{"kind":"capture","name":"media-list"},"startedMs":4057}
nemo43-step-start {"index":15,"kind":"invoke","request":{"args":["project","",true,{}],"kind":"invoke","method":"query","target":"mediaLibrary"},"startedMs":4718}
nemo43-step-start {"index":16,"kind":"click","request":{"kind":"click","target":{"objectName":"mediaViewToggleButton"}},"startedMs":4718}
nemo43-step-start {"index":17,"kind":"click","request":{"at":{"x":1100,"y":600},"kind":"click"},"startedMs":4722}
nemo43-step-start {"index":18,"kind":"wait","request":{"kind":"wait","ms":400},"startedMs":4722}
nemo43-step-start {"index":19,"kind":"capture","request":{"kind":"capture","name":"media-grid"},"startedMs":5123}
nemo43-step-start {"index":20,"kind":"click","request":{"kind":"click","target":{"objectName":"mediaViewToggleButton"}},"startedMs":5779}
nemo43-step-start {"index":21,"kind":"click","request":{"at":{"x":1100,"y":600},"kind":"click"},"startedMs":5782}
nemo43-step-start {"index":22,"kind":"wait","request":{"kind":"wait","ms":400},"startedMs":5782}
nemo43-step-start {"index":23,"kind":"click","request":{"kind":"click","target":{"objectName":"mediaSearchField"}},"startedMs":6183}
nemo43-step-start {"index":24,"kind":"key","request":{"key":"t","kind":"key"},"startedMs":6184}
nemo43-step-start {"index":25,"kind":"key","request":{"key":"a","kind":"key"},"startedMs":6187}
nemo43-step-start {"index":26,"kind":"key","request":{"key":"g","kind":"key"},"startedMs":6212}
nemo43-step-start {"index":27,"kind":"wait","request":{"kind":"wait","ms":400},"startedMs":6214}
nemo43-step-start {"index":28,"kind":"capture","request":{"kind":"capture","name":"media-search"},"startedMs":6614}
nemo43-step-start {"index":29,"kind":"invoke","request":{"args":[],"kind":"invoke","method":"visibleItems","target":{"group":"A","panelType":"media"}},"startedMs":7275}
nemo43-step-start {"index":30,"kind":"key","request":{"key":"A","kind":"key","modifiers":"Ctrl"},"startedMs":7275}
nemo43-step-start {"index":31,"kind":"key","request":{"key":"Backspace","kind":"key"},"startedMs":7277}
nemo43-step-start {"index":32,"kind":"wait","request":{"kind":"wait","ms":400},"startedMs":7314}
nemo43-step-start {"index":33,"kind":"invoke","request":{"args":["media-1"],"kind":"invoke","method":"openMetadata","target":{"group":"A","panelType":"media"}},"startedMs":7729}
nemo43-step-start {"index":34,"kind":"wait","request":{"kind":"wait","ms":400},"startedMs":7743}
nemo43-step-start {"index":35,"kind":"setProperty","request":{"kind":"setProperty","property":"text","target":"mediaTagsField","value":"hero, review"},"startedMs":8145}
nemo43-step-start {"index":36,"kind":"setProperty","request":{"kind":"setProperty","property":"text","target":"mediaDescriptionField","value":"Real decoded image; user metadata remains independent."},"startedMs":8146}
nemo43-step-start {"index":37,"kind":"capture","request":{"kind":"capture","name":"media-metadata"},"startedMs":8146}
nemo43-step-start {"index":38,"kind":"click","request":{"kind":"click","target":{"objectName":"mediaApplyProbeButton"}},"startedMs":8825}
nemo43-step-start {"index":39,"kind":"wait","request":{"kind":"wait","ms":400},"startedMs":8874}
nemo43-step-start {"index":40,"kind":"invoke","request":{"args":[],"kind":"invoke","method":"accept","target":"mediaMetadataDialog"},"startedMs":9274}
nemo43-step-start {"index":41,"kind":"wait","request":{"kind":"wait","ms":400},"startedMs":9345}
nemo43-step-start {"index":42,"kind":"invoke","request":{"args":["media-1"],"kind":"invoke","method":"item","target":"mediaLibrary"},"startedMs":9753}
nemo43-step-start {"index":43,"kind":"invoke","request":{"args":["media-1"],"kind":"invoke","method":"startRename","target":{"group":"A","panelType":"media"}},"startedMs":9754}
nemo43-step-start {"index":44,"kind":"wait","request":{"kind":"wait","ms":400},"startedMs":9758}
nemo43-step-start {"index":45,"kind":"setProperty","request":{"kind":"setProperty","property":"text","target":"mediaRenameField","value":"Hero Plate"},"startedMs":10169}
nemo43-step-start {"index":46,"kind":"key","request":{"key":"Return","kind":"key"},"startedMs":10170}
nemo43-step-start {"index":47,"kind":"wait","request":{"kind":"wait","ms":400},"startedMs":10241}
nemo43-step-start {"index":48,"kind":"invoke","request":{"args":["media-1"],"kind":"invoke","method":"item","target":"mediaLibrary"},"startedMs":10642}
nemo43-step-start {"index":49,"kind":"click","request":{"kind":"click","target":{"objectName":"mediaAddBinButton"}},"startedMs":10643}
nemo43-step-start {"index":50,"kind":"wait","request":{"kind":"wait","ms":400},"startedMs":10647}
nemo43-step-start {"index":51,"kind":"setProperty","request":{"kind":"setProperty","property":"text","target":{"objectName":"mediaCreateBinDialog","property":"contentItem"},"value":"Shots"},"startedMs":11057}
nemo43-step-start {"index":52,"kind":"key","request":{"key":"Return","kind":"key"},"startedMs":11058}
nemo43-step-start {"index":53,"kind":"wait","request":{"kind":"wait","ms":400},"startedMs":11171}
nemo43-step-start {"index":54,"kind":"invoke","request":{"args":["bin-1",false],"kind":"invoke","method":"beginCreate","target":{"group":"A","panelType":"media"}},"startedMs":11571}
nemo43-step-start {"index":55,"kind":"wait","request":{"kind":"wait","ms":400},"startedMs":11574}
nemo43-step-start {"index":56,"kind":"setProperty","request":{"kind":"setProperty","property":"text","target":{"objectName":"mediaCreateBinDialog","property":"contentItem"},"value":"Plates"},"startedMs":11987}
nemo43-step-start {"index":57,"kind":"key","request":{"key":"Return","kind":"key"},"startedMs":11988}
nemo43-step-start {"index":58,"kind":"wait","request":{"kind":"wait","ms":400},"startedMs":12073}
nemo43-step-start {"index":59,"kind":"invoke","request":{"args":["root"],"kind":"invoke","method":"openBin","target":{"group":"A","panelType":"media"}},"startedMs":12474}
nemo43-step-start {"index":60,"kind":"selectEntries","request":{"group":"A","ids":["media-2"],"kind":"selectEntries","panelType":"media"},"startedMs":12550}
nemo43-step-start {"index":61,"kind":"invoke","request":{"args":[true],"kind":"invoke","method":"copySelection","target":{"group":"A","panelType":"media"}},"startedMs":12552}
nemo43-step-start {"index":62,"kind":"invoke","request":{"args":["bin-2"],"kind":"invoke","method":"openBin","target":{"group":"A","panelType":"media"}},"startedMs":12553}
nemo43-step-start {"index":63,"kind":"invoke","request":{"args":[],"kind":"invoke","method":"pasteSelection","target":{"group":"A","panelType":"media"}},"startedMs":12564}
nemo43-step-start {"index":64,"kind":"wait","request":{"kind":"wait","ms":400},"startedMs":12573}
nemo43-step-start {"index":65,"kind":"invoke","request":{"args":["media-2"],"kind":"invoke","method":"item","target":"mediaLibrary"},"startedMs":12987}
nemo43-step-start {"index":66,"kind":"capture","request":{"kind":"capture","name":"media-tree-breadcrumb"},"startedMs":12988}
nemo43-step-start {"index":67,"kind":"click","request":{"kind":"click","target":{"objectName":"mediaInput_media-2"}},"startedMs":13636}
nemo43-step-start {"index":68,"kind":"wait","request":{"kind":"wait","ms":100},"startedMs":13636}
nemo43-step-start {"index":69,"kind":"read","request":{"kind":"read","name":"undo-1-focus","property":"objectName","target":{"objectName":"mainWindow","property":"activeFocusItem"}},"startedMs":13749}
nemo43-step-start {"index":70,"kind":"read","request":{"kind":"read","name":"undo-1-available","property":"canUndo","target":"mediaLibrary"},"startedMs":13750}
nemo43-step-start {"index":71,"kind":"key","request":{"key":"Z","kind":"key","modifiers":"Ctrl"},"startedMs":13750}
nemo43-step-start {"index":72,"kind":"wait","request":{"kind":"wait","ms":400},"startedMs":13756}
nemo43-step-start {"index":73,"kind":"invoke","request":{"args":["media-2"],"kind":"invoke","method":"item","target":"mediaLibrary"},"startedMs":14165}
nemo43-step-start {"index":74,"kind":"invoke","request":{"args":["root"],"kind":"invoke","method":"openBin","target":{"group":"A","panelType":"media"}},"startedMs":14165}
nemo43-step-start {"index":75,"kind":"selectEntries","request":{"group":"A","ids":["media-1"],"kind":"selectEntries","panelType":"media"},"startedMs":14234}
nemo43-step-start {"index":76,"kind":"invoke","request":{"args":[false],"kind":"invoke","method":"copySelection","target":{"group":"A","panelType":"media"}},"startedMs":14236}
nemo43-step-start {"index":77,"kind":"invoke","request":{"args":[],"kind":"invoke","method":"pasteSelection","target":{"group":"A","panelType":"media"}},"startedMs":14237}
nemo43-step-start {"index":78,"kind":"wait","request":{"kind":"wait","ms":400},"startedMs":14289}
nemo43-step-start {"index":79,"kind":"invoke","request":{"args":["root"],"kind":"invoke","method":"children","target":"mediaLibrary"},"startedMs":14697}
nemo43-step-start {"index":80,"kind":"click","request":{"kind":"click","target":{"objectName":"mediaInput_media-1"}},"startedMs":14699}
nemo43-step-start {"index":81,"kind":"wait","request":{"kind":"wait","ms":100},"startedMs":14705}
nemo43-step-start {"index":82,"kind":"read","request":{"kind":"read","name":"undo-2-focus","property":"objectName","target":{"objectName":"mainWindow","property":"activeFocusItem"}},"startedMs":14809}
nemo43-step-start {"index":83,"kind":"read","request":{"kind":"read","name":"undo-2-available","property":"canUndo","target":"mediaLibrary"},"startedMs":14809}
nemo43-step-start {"index":84,"kind":"key","request":{"key":"Z","kind":"key","modifiers":"Ctrl"},"startedMs":14809}
nemo43-step-start {"index":85,"kind":"wait","request":{"kind":"wait","ms":400},"startedMs":14889}
nemo43-step-start {"index":86,"kind":"invoke","request":{"args":["root"],"kind":"invoke","method":"children","target":"mediaLibrary"},"startedMs":15289}
nemo43-step-start {"index":87,"kind":"setPanelState","request":{"group":"A","kind":"setPanelState","panelType":"media","state":{"projectScope":true,"searchText":"hero"}},"startedMs":15290}
nemo43-step-start {"index":88,"kind":"wait","request":{"kind":"wait","ms":400},"startedMs":15301}
nemo43-step-start {"index":89,"kind":"invoke","request":{"args":[],"kind":"invoke","method":"beginSaveSmartBin","target":{"group":"A","panelType":"media"}},"startedMs":15705}
nemo43-step-start {"index":90,"kind":"wait","request":{"kind":"wait","ms":400},"startedMs":15707}
nemo43-step-start {"index":91,"kind":"setProperty","request":{"kind":"setProperty","property":"text","target":"mediaSmartBinNameField","value":"Hero Sources"},"startedMs":16121}
nemo43-step-start {"index":92,"kind":"key","request":{"key":"Return","kind":"key"},"startedMs":16121}
nemo43-step-start {"index":93,"kind":"wait","request":{"kind":"wait","ms":400},"startedMs":16150}
nemo43-step-start {"index":94,"kind":"read","request":{"kind":"read","name":"saved-searches","property":"smartBins","target":"mediaLibrary"},"startedMs":16553}
nemo43-step-start {"index":95,"kind":"capture","request":{"kind":"capture","name":"media-smart-bin"},"startedMs":16553}
nemo43-step-start {"index":96,"kind":"invoke","request":{"args":["smart-offline"],"kind":"invoke","method":"openSmartBin","target":{"group":"A","panelType":"media"}},"startedMs":17210}
nemo43-step-start {"index":97,"kind":"wait","request":{"kind":"wait","ms":400},"startedMs":17221}
nemo43-step-start {"index":98,"kind":"invoke","request":{"args":[],"kind":"invoke","method":"visibleItems","target":{"group":"A","panelType":"media"}},"startedMs":17623}
nemo43-step-start {"index":99,"kind":"capture","request":{"kind":"capture","name":"media-offline"},"startedMs":17625}
nemo43-step-start {"index":100,"kind":"invoke","request":{"args":["media-6"],"kind":"invoke","method":"beginRelink","target":{"group":"A","panelType":"media"}},"startedMs":18265}
nemo43-step-start {"index":101,"kind":"wait","request":{"kind":"wait","ms":400},"startedMs":18266}
nemo43-step-start {"index":102,"kind":"setProperty","request":{"kind":"setProperty","property":"text","target":"mediaRelinkPathField","value":"/tmp/nemo43-smoke/still.png"},"startedMs":18667}
nemo43-step-start {"index":103,"kind":"capture","request":{"kind":"capture","name":"media-relink"},"startedMs":18667}
nemo43-step-start {"index":104,"kind":"click","request":{"kind":"click","target":{"objectName":"mediaRelinkConfirmButton"}},"startedMs":19312}
nemo43-step-start {"index":105,"kind":"probe","request":{"intervalMs":16,"kind":"probe","ticks":90},"startedMs":19317}
nemo43-step-start {"index":106,"kind":"invoke","request":{"args":["media-6"],"kind":"invoke","method":"item","target":"mediaLibrary"},"startedMs":20774}
nemo43-step-start {"index":107,"kind":"invoke","request":{"args":["smart-unused"],"kind":"invoke","method":"openSmartBin","target":{"group":"A","panelType":"media"}},"startedMs":20775}
nemo43-step-start {"index":108,"kind":"wait","request":{"kind":"wait","ms":400},"startedMs":20849}
nemo43-step-start {"index":109,"kind":"invoke","request":{"args":[],"kind":"invoke","method":"visibleItems","target":{"group":"A","panelType":"media"}},"startedMs":21251}
nemo43-step-start {"index":110,"kind":"read","request":{"kind":"read","name":"workspace-layout","property":"root","target":"workspace"},"startedMs":21253}
nemo43-step-start {"index":111,"kind":"invoke","request":{"args":["file:///tmp/nemo43-smoke/final-catalog-saved.nemo"],"kind":"invoke","method":"saveAs","target":"projectFile"},"startedMs":21254}
nemo43-native-evidence: wrote /tmp/nemo43-smoke/final-catalog-v9/evidence.json
nemo43-native-evidence {"attached":true,"captures":["media-list","media-grid","media-search","media-metadata","media-tree-breadcrumb","media-smart-bin","media-offline","media-relink"],"elapsedMs":21257,"errors":[],"event":"stage_ready","evidence":"/tmp/nemo43-smoke/final-catalog-v9/evidence.json","lingerMs":1200,"phase":"final-catalog","readyFile":"/tmp/nemo43-smoke/final-catalog-v9/ready.json"}
[nemo43-catalog-v9: exited; cursor=16364]
