nemo43-step-start {"index":0,"kind":"attach","request":{"engineFound":true,"windowObjectName":"mainWindow"},"startedMs":136}
nemo43-step-start {"index":1,"kind":"invoke","request":{"args":["file:///tmp/nemo43-smoke/marked-catalog.json"],"kind":"invoke","method":"openProject","target":"projectFile"},"startedMs":136}
nemo43-step-start {"index":2,"kind":"wait","request":{"kind":"wait","ms":600},"startedMs":136}
nemo43-step-start {"index":3,"kind":"click","request":{"kind":"click","target":{"objectName":"projectWarningsDismissButton"}},"startedMs":750}
nemo43-step-start {"index":4,"kind":"wait","request":{"kind":"wait","ms":300},"startedMs":753}
nemo43-step-start {"index":5,"kind":"resizeWindow","request":{"height":640,"kind":"resizeWindow","width":1274},"startedMs":1054}
nemo43-step-start {"index":6,"kind":"invoke","request":{"args":["A",{"timelineClock":37}],"kind":"invoke","method":"setGroupContext","target":"panelContextRouter"},"startedMs":1054}
nemo43-step-start {"index":7,"kind":"invoke","request":{"args":["B"],"kind":"invoke","method":"revealMediaPanel","target":"mediaLibrary"},"startedMs":1057}
nemo43-step-start {"index":8,"kind":"waitForPanel","request":{"group":"B","kind":"waitForPanel","panelType":"media","timeoutMs":500},"startedMs":1074}
nemo43-step-start {"index":9,"kind":"invoke","request":{"args":["panel-1"],"kind":"invoke","method":"closePanel","target":"workspace"},"startedMs":1586}
nemo43-step-start {"index":10,"kind":"invoke","request":{"args":["panel-3"],"kind":"invoke","method":"closePanel","target":"workspace"},"startedMs":1591}
nemo43-step-start {"index":11,"kind":"invoke","request":{"args":["panel-8"],"kind":"invoke","method":"closePanel","target":"workspace"},"startedMs":1626}
nemo43-step-start {"index":12,"kind":"invoke","request":{"args":["panel-6"],"kind":"invoke","method":"closePanel","target":"workspace"},"startedMs":1638}
nemo43-step-start {"index":13,"kind":"createPanel","request":{"group":"A","inLeafOf":"media","kind":"createPanel","placement":"bottom","ratio":0.58,"type":"timeline"},"startedMs":1668}
nemo43-step-start {"index":14,"kind":"createViewer","request":{"group":"A","inLeafOf":"media","kind":"createViewer","placement":"right","ratio":0.36,"role":"media"},"startedMs":1684}
nemo43-step-start {"index":15,"kind":"wait","request":{"kind":"wait","ms":300},"startedMs":2018}
nemo43-step-start {"index":16,"kind":"setPanelState","request":{"group":"B","kind":"setPanelState","panelType":"media","state":{"projectScope":true,"viewMode":"list"}},"startedMs":2320}
nemo43-step-start {"index":17,"kind":"probe","request":{"intervalMs":16,"kind":"probe","ticks":90},"startedMs":2323}
nemo43-step-start {"index":18,"kind":"spySignal","request":{"kind":"spySignal","name":"insertIntent","signal":"timelineInsertRequested","target":"mediaLibrary"},"startedMs":3781}
nemo43-step-start {"index":19,"kind":"read","request":{"kind":"read","name":"timeline-clock-before","property":"routedClock","target":{"group":"A","panelType":"timeline"}},"startedMs":3781}
nemo43-step-start {"index":20,"kind":"selectEntries","request":{"group":"B","ids":["media-3","media-2","media-1"],"kind":"selectEntries","panelType":"media"},"startedMs":3783}
nemo43-step-start {"index":21,"kind":"wait","request":{"kind":"wait","ms":200},"startedMs":3790}
nemo43-step-start {"index":22,"kind":"read","request":{"kind":"read","name":"visible-source-order","property":"sourceIds","target":{"objectName":"mediaInput_media-1","property":"parent"}},"startedMs":4005}
nemo43-step-start {"index":23,"kind":"read","request":{"kind":"read","name":"per-occurrence-marks","property":"marks","target":{"objectName":"mediaInput_media-1","property":"parent"}},"startedMs":4005}
nemo43-step-start {"index":24,"kind":"read","request":{"kind":"read","name":"origin-group","property":"sourceGroup","target":{"objectName":"mediaInput_media-1","property":"parent"}},"startedMs":4005}
nemo43-step-start {"index":25,"kind":"drag","request":{"from":{"objectName":"mediaInput_media-1"},"holdMs":80,"kind":"drag","settleMs":700,"spacingMs":80,"steps":12,"to":{"objectName":"timelineInsertDrop"}},"startedMs":4006}
nemo43-step-start {"index":26,"kind":"spyRead","request":{"kind":"spyRead","name":"insertIntent"},"startedMs":6053}
nemo43-step-start {"index":27,"kind":"read","request":{"kind":"read","name":"timeline-clock-after-drop","property":"routedClock","target":{"group":"A","panelType":"timeline"}},"startedMs":6053}
nemo43-step-start {"index":28,"kind":"capture","request":{"kind":"capture","name":"media-timeline-drag"},"startedMs":6055}
nemo43-step-start {"index":29,"kind":"drag","request":{"cancel":true,"from":{"objectName":"mediaInput_media-1"},"kind":"drag","over":{"objectName":"timelineInsertDrop"},"settleMs":500,"spacingMs":70,"steps":8},"startedMs":6727}
nemo43-step-start {"index":30,"kind":"spyRead","request":{"kind":"spyRead","name":"insertIntent"},"startedMs":8040}
nemo43-step-start {"index":31,"kind":"invoke","request":{"args":[{"name":"Destination","parentId":"root","type":"createBin"}],"kind":"invoke","method":"apply","target":"mediaLibrary"},"startedMs":8040}
nemo43-step-start {"index":32,"kind":"wait","request":{"kind":"wait","ms":500},"startedMs":8121}
nemo43-step-start {"index":33,"kind":"selectEntries","request":{"group":"B","ids":["media-3","media-2","media-1"],"kind":"selectEntries","panelType":"media"},"startedMs":8624}
nemo43-step-start {"index":34,"kind":"drag","request":{"from":{"objectName":"mediaInput_media-1"},"kind":"drag","settleMs":700,"spacingMs":70,"steps":8,"to":{"objectName":"mediaTreeDrop_bin-1"}},"startedMs":8627}
nemo43-step-start {"index":35,"kind":"spyRead","request":{"kind":"spyRead","name":"insertIntent"},"startedMs":10173}
nemo43-step-start {"index":36,"kind":"invoke","request":{"args":["media-1"],"kind":"invoke","method":"item","target":"mediaLibrary"},"startedMs":10173}
nemo43-step-start {"index":37,"kind":"selectEntries","request":{"group":"B","ids":["bin-1"],"kind":"selectEntries","panelType":"media"},"startedMs":10173}
nemo43-step-start {"index":38,"kind":"drag","request":{"from":{"objectName":"mediaInput_bin-1"},"kind":"drag","settleMs":500,"spacingMs":70,"steps":8,"to":{"objectName":"timelineInsertDrop"}},"startedMs":10178}
nemo43-step-start {"index":39,"kind":"spyRead","request":{"kind":"spyRead","name":"insertIntent"},"startedMs":11484}
nemo43-step-start {"index":40,"kind":"invoke","request":{"args":["bin-1"],"kind":"invoke","method":"openBin","target":{"group":"B","panelType":"media"}},"startedMs":11485}
nemo43-step-start {"index":41,"kind":"wait","request":{"kind":"wait","ms":400},"startedMs":11540}
nemo43-step-start {"index":42,"kind":"click","request":{"kind":"click","target":{"objectName":"mediaInput_media-1"}},"startedMs":11947}
nemo43-step-start {"index":43,"kind":"key","request":{"key":"A","kind":"key","modifiers":"Ctrl"},"startedMs":11962}
nemo43-step-start {"index":44,"kind":"invoke","request":{"args":["overwrite"],"kind":"invoke","method":"requestInsert","target":{"group":"B","panelType":"media"}},"startedMs":11977}
nemo43-step-start {"index":45,"kind":"spyRead","request":{"kind":"spyRead","name":"insertIntent"},"startedMs":11981}
nemo43-step-start {"index":46,"kind":"read","request":{"kind":"read","name":"timeline-clock-final","property":"routedClock","target":{"group":"A","panelType":"timeline"}},"startedMs":11981}
nemo43-step-start {"index":47,"kind":"invoke","request":{"args":["file:///tmp/nemo43-smoke/final-drag-saved.nemo"],"kind":"invoke","method":"saveAs","target":"projectFile"},"startedMs":11984}
nemo43-native-evidence: wrote /tmp/nemo43-smoke/final-drag-workspace/evidence.json
nemo43-native-evidence {"attached":true,"captures":["media-timeline-drag"],"elapsedMs":11990,"errors":[],"event":"stage_ready","evidence":"/tmp/nemo43-smoke/final-drag-workspace/evidence.json","lingerMs":1200,"phase":"final-drag-workspace","readyFile":"/tmp/nemo43-smoke/final-drag-workspace/ready.json"}
[nemo43-drag-workspace: exited; cursor=7934]