nemo43-step-start {"index":0,"kind":"attach","request":{"engineFound":true,"windowObjectName":"mainWindow"},"startedMs":122}
nemo43-step-start {"index":1,"kind":"invoke","request":{"args":["A"],"kind":"invoke","method":"revealMediaPanel","target":"mediaLibrary"},"startedMs":122}
nemo43-step-start {"index":2,"kind":"waitForPanel","request":{"group":"A","kind":"waitForPanel","panelType":"media","timeoutMs":20000},"startedMs":138}
nemo43-step-start {"index":3,"kind":"invoke","request":{"args":["panel-1"],"kind":"invoke","method":"closePanel","target":"workspace"},"startedMs":20149}
nemo43-step-start {"index":4,"kind":"invoke","request":{"args":["panel-3"],"kind":"invoke","method":"closePanel","target":"workspace"},"startedMs":20247}
nemo43-step-start {"index":5,"kind":"invoke","request":{"args":["panel-8"],"kind":"invoke","method":"closePanel","target":"workspace"},"startedMs":20327}
nemo43-step-start {"index":6,"kind":"invoke","request":{"args":["panel-6"],"kind":"invoke","method":"closePanel","target":"workspace"},"startedMs":20387}
nemo43-step-start {"index":7,"kind":"resizeWindow","request":{"height":640,"kind":"resizeWindow","width":1274},"startedMs":20389}
nemo43-step-start {"index":8,"kind":"setPanelState","request":{"group":"A","kind":"setPanelState","panelType":"media","state":{"projectScope":true,"viewMode":"list"}},"startedMs":20389}
nemo43-step-start {"index":9,"kind":"wait","request":{"kind":"wait","ms":400},"startedMs":20392}
nemo43-step-start {"index":10,"kind":"invoke","request":{"args":[["/tmp/nemo43-smoke/still.png","/tmp/nemo43-smoke/tagged.mkv"],"root",0],"kind":"invoke","method":"importPaths","target":"mediaLibrary"},"startedMs":20807}
nemo43-step-start {"index":11,"kind":"invoke","request":{"args":[["/tmp/nemo43-smoke/shot.####.exr"],"root",1001],"kind":"invoke","method":"importPaths","target":"mediaLibrary"},"startedMs":20854}
nemo43-step-start {"index":12,"kind":"probe","request":{"intervalMs":16,"kind":"probe","ticks":90},"startedMs":20899}
nemo43-step-start {"index":13,"kind":"createViewer","request":{"group":"A","inLeafOf":"media","kind":"createViewer","placement":"right","ratio":0.25,"role":"media"},"startedMs":22457}
qrc:/qt/qml/Nemo/qml/ViewerPanel.qml:982: TypeError: Property 'activateViewer' of object [null] is not a function (exception occurred during delayed function evaluation)
nemo43-step-start {"index":14,"kind":"wait","request":{"kind":"wait","ms":800},"startedMs":22846}
nemo43-step-start {"index":15,"kind":"click","request":{"kind":"click","target":{"objectName":"mediaInput_media-1"}},"startedMs":23658}
nemo43-step-start {"index":16,"kind":"wait","request":{"kind":"wait","ms":200},"startedMs":23680}
nemo43-step-start {"index":17,"kind":"read","request":{"kind":"read","name":"single-selection-context","property":"panelContext","target":{"group":"A","panelType":"viewer"}},"startedMs":23882}
nemo43-step-start {"index":18,"kind":"click","request":{"count":2,"kind":"click","target":{"objectName":"mediaInput_media-1"}},"startedMs":23886}
nemo43-step-start {"index":19,"kind":"wait","request":{"kind":"wait","ms":1800},"startedMs":23900}
[AVHWDeviceContext @ 0x5090000055c0] cu->cuInit(0) failed -> CUDA_ERROR_OUT_OF_MEMORY: out of memory
nemo43-step-start {"index":20,"kind":"read","request":{"kind":"read","name":"still-render-state","property":"renderState","target":{"group":"A","panelType":"viewer","property":"controller"}},"startedMs":25706}
nemo43-step-start {"index":21,"kind":"read","request":{"kind":"read","name":"still-error","property":"error","target":{"group":"A","panelType":"viewer","property":"controller"}},"startedMs":25710}
nemo43-step-start {"index":22,"kind":"read","request":{"kind":"read","name":"still-domain","property":"compositionSize","target":{"group":"A","panelType":"viewer","property":"controller"}},"startedMs":25715}
nemo43-step-start {"index":23,"kind":"capture","request":{"kind":"capture","name":"media-source-still"},"startedMs":25719}
nemo43-step-start {"index":24,"kind":"click","request":{"kind":"click","target":{"objectName":"mediaInput_media-3"}},"startedMs":26429}
nemo43-step-start {"index":25,"kind":"wait","request":{"kind":"wait","ms":200},"startedMs":26436}
nemo43-step-start {"index":26,"kind":"read","request":{"kind":"read","name":"sequence-selection-does-not-open","property":"panelContext","target":{"group":"A","panelType":"viewer"}},"startedMs":26645}
nemo43-step-start {"index":27,"kind":"click","request":{"count":2,"kind":"click","target":{"objectName":"mediaInput_media-3"}},"startedMs":26649}
nemo43-step-start {"index":28,"kind":"wait","request":{"kind":"wait","ms":1600},"startedMs":26664}
nemo43-step-start {"index":29,"kind":"read","request":{"kind":"read","name":"sequence-frame-zero","property":"frame","target":{"group":"A","panelType":"viewer","property":"controller"}},"startedMs":28277}
nemo43-step-start {"index":30,"kind":"read","request":{"kind":"read","name":"sequence-error","property":"error","target":{"group":"A","panelType":"viewer","property":"controller"}},"startedMs":28281}
nemo43-step-start {"index":31,"kind":"capture","request":{"kind":"capture","name":"media-source-sequence-1001"},"startedMs":28284}
nemo43-step-start {"index":32,"kind":"click","request":{"kind":"click","target":{"objectName":"viewerFrame_panel-13"}},"startedMs":28950}
nemo43-step-start {"index":33,"kind":"read","request":{"kind":"read","name":"focused-viewerFrame_panel-13","property":"text","target":{"objectName":"viewerFrame_panel-13"}},"startedMs":28952}
nemo43-step-start {"index":34,"kind":"key","request":{"key":"A","kind":"key","modifiers":"Ctrl"},"startedMs":28952}
nemo43-step-start {"index":35,"kind":"key","request":{"key":"1","kind":"key"},"startedMs":28955}
nemo43-step-start {"index":36,"kind":"key","request":{"key":"Return","kind":"key"},"startedMs":28955}
nemo43-step-start {"index":37,"kind":"wait","request":{"kind":"wait","ms":1600},"startedMs":28966}
nemo43-step-start {"index":38,"kind":"read","request":{"kind":"read","name":"sequence-frame-one","property":"frame","target":{"group":"A","panelType":"viewer","property":"controller"}},"startedMs":30568}
nemo43-step-start {"index":39,"kind":"capture","request":{"kind":"capture","name":"media-source-sequence-1002"},"startedMs":30570}
nemo43-step-start {"index":40,"kind":"createViewer","request":{"group":"B","inLeafOf":"viewer","kind":"createViewer","placement":"right","ratio":0.5,"role":"media"},"startedMs":31222}
nemo43-step-start {"index":41,"kind":"wait","request":{"kind":"wait","ms":800},"startedMs":31606}
nemo43-step-start {"index":42,"kind":"invoke","request":{"args":["B"],"kind":"invoke","method":"revealMediaPanel","target":"mediaLibrary"},"startedMs":32417}
nemo43-step-start {"index":43,"kind":"waitForPanel","request":{"group":"B","kind":"waitForPanel","panelType":"media","timeoutMs":20000},"startedMs":32433}
nemo43-step-start {"index":44,"kind":"wait","request":{"kind":"wait","ms":500},"startedMs":52440}
nemo43-step-start {"index":45,"kind":"click","request":{"kind":"click","target":{"objectName":"mediaInput_media-2"}},"startedMs":52946}
nemo43-step-start {"index":46,"kind":"read","request":{"kind":"read","name":"B-selection-does-not-open","property":"panelContext","target":{"group":"B","panelType":"viewer"}},"startedMs":52976}
nemo43-step-start {"index":47,"kind":"click","request":{"count":2,"kind":"click","target":{"objectName":"mediaInput_media-2"}},"startedMs":52980}
nemo43-step-start {"index":48,"kind":"wait","request":{"kind":"wait","ms":1800},"startedMs":52990}
nemo43-step-start {"index":49,"kind":"click","request":{"kind":"click","target":{"objectName":"viewerFrame_panel-16"}},"startedMs":54801}
nemo43-step-start {"index":50,"kind":"read","request":{"kind":"read","name":"focused-viewerFrame_panel-16","property":"text","target":{"objectName":"viewerFrame_panel-16"}},"startedMs":54806}
nemo43-step-start {"index":51,"kind":"key","request":{"key":"A","kind":"key","modifiers":"Ctrl"},"startedMs":54807}
nemo43-step-start {"index":52,"kind":"key","request":{"key":"5","kind":"key"},"startedMs":54821}
nemo43-step-start {"index":53,"kind":"key","request":{"key":"Return","kind":"key"},"startedMs":54821}
nemo43-step-start {"index":54,"kind":"wait","request":{"kind":"wait","ms":1800},"startedMs":54834}
nemo43-step-start {"index":55,"kind":"read","request":{"kind":"read","name":"A-after-B-seek","property":"panelContext","target":{"group":"A","panelType":"viewer"}},"startedMs":56641}
nemo43-step-start {"index":56,"kind":"read","request":{"kind":"read","name":"A-frame-after-B-seek","property":"frame","target":{"group":"A","panelType":"viewer","property":"controller"}},"startedMs":56646}
nemo43-step-start {"index":57,"kind":"read","request":{"kind":"read","name":"B-after-seek","property":"panelContext","target":{"group":"B","panelType":"viewer"}},"startedMs":56650}
nemo43-step-start {"index":58,"kind":"read","request":{"kind":"read","name":"B-frame","property":"frame","target":{"group":"B","panelType":"viewer","property":"controller"}},"startedMs":56654}
nemo43-step-start {"index":59,"kind":"read","request":{"kind":"read","name":"B-error","property":"error","target":{"group":"B","panelType":"viewer","property":"controller"}},"startedMs":56657}
nemo43-step-start {"index":60,"kind":"capture","request":{"kind":"capture","name":"media-two-viewers"},"startedMs":56661}
nemo43-step-start {"index":61,"kind":"read","request":{"kind":"read","name":"timecode-A","property":"text","target":{"objectName":"viewerTimecode_panel-13"}},"startedMs":57354}
nemo43-step-start {"index":62,"kind":"read","request":{"kind":"read","name":"timecode-B","property":"text","target":{"objectName":"viewerTimecode_panel-16"}},"startedMs":57354}
nemo43-step-start {"index":63,"kind":"invoke","request":{"args":["file:///tmp/nemo43-smoke/final-source-saved.nemo"],"kind":"invoke","method":"saveAs","target":"projectFile"},"startedMs":57355}
nemo43-native-evidence: wrote /tmp/nemo43-smoke/final-source-asan/evidence.json
nemo43-native-evidence {"attached":true,"captures":["media-source-still","media-source-sequence-1001","media-source-sequence-1002","media-two-viewers"],"elapsedMs":57363,"errors":[],"event":"stage_ready","evidence":"/tmp/nemo43-smoke/final-source-asan/evidence.json","lingerMs":1200,"phase":"final-source","readyFile":"/tmp/nemo43-smoke/final-source-asan/ready.json"}

=================================================================
==1915152==ERROR: LeakSanitizer: detected memory leaks

Direct leak of 96 byte(s) in 1 object(s) allocated from:
    #0 0x77d4f98fd340 in calloc ../../../../src/libsanitizer/asan/asan_malloc_linux.cpp:77
    #1 0x77d4e81c96ec  (/lib/x86_64-linux-gnu/libwayland-client.so.0+0xa6ec) (BuildId: 10d25f1460c9fbc5c38093fad3e9d0a47fc87f18)
    #2 0x77d4e81c98a4 in wl_proxy_marshal_array_flags (/lib/x86_64-linux-gnu/libwayland-client.so.0+0xa8a4) (BuildId: 10d25f1460c9fbc5c38093fad3e9d0a47fc87f18)
    #3 0x77d4e81ca7a7 in wl_proxy_marshal_flags (/lib/x86_64-linux-gnu/libwayland-client.so.0+0xb7a7) (BuildId: 10d25f1460c9fbc5c38093fad3e9d0a47fc87f18)
    #4 0x77d4e648306b in QtWaylandClient::QWaylandDisplay::QWaylandDisplay(QtWaylandClient::QWaylandIntegration*) (/lib/x86_64-linux-gnu/libQt6WaylandClient.so.6+0x6c06b) (BuildId: a1004954d5cd39403c509a216c3b26b8cd0fa3f1)
    #5 0x77d4e649f6b8 in QtWaylandClient::QWaylandIntegration::QWaylandIntegration() (/lib/x86_64-linux-gnu/libQt6WaylandClient.so.6+0x886b8) (BuildId: a1004954d5cd39403c509a216c3b26b8cd0fa3f1)
    #6 0x77d4e8703531  (/usr/lib/x86_64-linux-gnu/qt6/plugins/platforms/libqwayland-generic.so+0x2531) (BuildId: d0965df69ace3c852f1b649b4c38e7137a9d8050)
    #7 0x77d4f5393141 in QGuiApplicationPrivate::createPlatformIntegration() (/lib/x86_64-linux-gnu/libQt6Gui.so.6+0x193141) (BuildId: 500dda7095f45c8cd1ba0bf43fd4bb9448174ad5)
    #8 0x77d4f539485f in QGuiApplicationPrivate::createEventDispatcher() (/lib/x86_64-linux-gnu/libQt6Gui.so.6+0x19485f) (BuildId: 500dda7095f45c8cd1ba0bf43fd4bb9448174ad5)
    #9 0x77d4f4d3c8b5 in QCoreApplicationPrivate::init() (/lib/x86_64-linux-gnu/libQt6Core.so.6+0x13c8b5) (BuildId: 9b85b15d08445ceca32a75ffedf3453d8c6fab47)
    #10 0x77d4f53948fe in QGuiApplicationPrivate::init() (/lib/x86_64-linux-gnu/libQt6Gui.so.6+0x1948fe) (BuildId: 500dda7095f45c8cd1ba0bf43fd4bb9448174ad5)
    #11 0x77d4f538fd34 in QGuiApplication::QGuiApplication(int&, char**, int) (/lib/x86_64-linux-gnu/libQt6Gui.so.6+0x18fd34) (BuildId: 500dda7095f45c8cd1ba0bf43fd4bb9448174ad5)
    #12 0x633faec3931c in main /home/rgame/dev/Nemo_Dev2/apps/nemo-ui/main.cpp:86
    #13 0x77d4f3c2a1c9  (/lib/x86_64-linux-gnu/libc.so.6+0x2a1c9) (BuildId: 328820b908de8ea1ef79afa8995e302e819163d7)
    #14 0x77d4f3c2a28a in __libc_start_main (/lib/x86_64-linux-gnu/libc.so.6+0x2a28a) (BuildId: 328820b908de8ea1ef79afa8995e302e819163d7)
    #15 0x633faebac664 in _start (/home/rgame/dev/Nemo_Dev2/build/asan/apps/nemo-ui/nemo-ui+0x35ff664) (BuildId: dd44d8f673eca702d599db93f16c50281e2f7af5)

Direct leak of 96 byte(s) in 1 object(s) allocated from:
    #0 0x77d4f98fd340 in calloc ../../../../src/libsanitizer/asan/asan_malloc_linux.cpp:77
    #1 0x77d4e81c96ec  (/lib/x86_64-linux-gnu/libwayland-client.so.0+0xa6ec) (BuildId: 10d25f1460c9fbc5c38093fad3e9d0a47fc87f18)
    #2 0x77d4e81c98a4 in wl_proxy_marshal_array_flags (/lib/x86_64-linux-gnu/libwayland-client.so.0+0xa8a4) (BuildId: 10d25f1460c9fbc5c38093fad3e9d0a47fc87f18)
    #3 0x77d4e81ca68e in wl_proxy_marshal_constructor_versioned (/lib/x86_64-linux-gnu/libwayland-client.so.0+0xb68e) (BuildId: 10d25f1460c9fbc5c38093fad3e9d0a47fc87f18)
    #4 0x77d4e64b5bff in QtWayland::wl_compositor::init(wl_registry*, unsigned int, int) (/lib/x86_64-linux-gnu/libQt6WaylandClient.so.6+0x9ebff) (BuildId: a1004954d5cd39403c509a216c3b26b8cd0fa3f1)
    #5 0x77d4e648c6ec in QtWaylandClient::QWaylandDisplay::registry_global(unsigned int, QString const&, unsigned int) (/lib/x86_64-linux-gnu/libQt6WaylandClient.so.6+0x756ec) (BuildId: a1004954d5cd39403c509a216c3b26b8cd0fa3f1)
    #6 0x77d4e64b4154 in QtWayland::wl_registry::handle_global(void*, wl_registry*, unsigned int, char const*, unsigned int) (/lib/x86_64-linux-gnu/libQt6WaylandClient.so.6+0x9d154) (BuildId: a1004954d5cd39403c509a216c3b26b8cd0fa3f1)
    #7 0x77d4f3a79b15  (/lib/x86_64-linux-gnu/libffi.so.8+0x7b15) (BuildId: c9149b6e99105aa4321ddd4a10ee4b90de7b7d49)

Direct leak of 96 byte(s) in 1 object(s) allocated from:
    #0 0x77d4f98fd340 in calloc ../../../../src/libsanitizer/asan/asan_malloc_linux.cpp:77
    #1 0x77d4e81c96ec  (/lib/x86_64-linux-gnu/libwayland-client.so.0+0xa6ec) (BuildId: 10d25f1460c9fbc5c38093fad3e9d0a47fc87f18)
    #2 0x77d4e81c98a4 in wl_proxy_marshal_array_flags (/lib/x86_64-linux-gnu/libwayland-client.so.0+0xa8a4) (BuildId: 10d25f1460c9fbc5c38093fad3e9d0a47fc87f18)
    #3 0x77d4e81ca68e in wl_proxy_marshal_constructor_versioned (/lib/x86_64-linux-gnu/libwayland-client.so.0+0xb68e) (BuildId: 10d25f1460c9fbc5c38093fad3e9d0a47fc87f18)
    #4 0x77d4e64b838f in QtWayland::wl_subcompositor::init(wl_registry*, unsigned int, int) (/lib/x86_64-linux-gnu/libQt6WaylandClient.so.6+0xa138f) (BuildId: a1004954d5cd39403c509a216c3b26b8cd0fa3f1)
    #5 0x77d4e648d094 in QtWaylandClient::QWaylandDisplay::registry_global(unsigned int, QString const&, unsigned int) (/lib/x86_64-linux-gnu/libQt6WaylandClient.so.6+0x76094) (BuildId: a1004954d5cd39403c509a216c3b26b8cd0fa3f1)
    #6 0x77d4e64b4154 in QtWayland::wl_registry::handle_global(void*, wl_registry*, unsigned int, char const*, unsigned int) (/lib/x86_64-linux-gnu/libQt6WaylandClient.so.6+0x9d154) (BuildId: a1004954d5cd39403c509a216c3b26b8cd0fa3f1)
    #7 0x77d4f3a79b15  (/lib/x86_64-linux-gnu/libffi.so.8+0x7b15) (BuildId: c9149b6e99105aa4321ddd4a10ee4b90de7b7d49)

Direct leak of 96 byte(s) in 1 object(s) allocated from:
    #0 0x77d4f98fd340 in calloc ../../../../src/libsanitizer/asan/asan_malloc_linux.cpp:77
    #1 0x77d4e81c96ec  (/lib/x86_64-linux-gnu/libwayland-client.so.0+0xa6ec) (BuildId: 10d25f1460c9fbc5c38093fad3e9d0a47fc87f18)
    #2 0x77d4e81c98a4 in wl_proxy_marshal_array_flags (/lib/x86_64-linux-gnu/libwayland-client.so.0+0xa8a4) (BuildId: 10d25f1460c9fbc5c38093fad3e9d0a47fc87f18)
    #3 0x77d4e81ca68e in wl_proxy_marshal_constructor_versioned (/lib/x86_64-linux-gnu/libwayland-client.so.0+0xb68e) (BuildId: 10d25f1460c9fbc5c38093fad3e9d0a47fc87f18)
    #4 0x77d4e64b8fbf in QtWayland::zxdg_output_manager_v1::init(wl_registry*, unsigned int, int) (/lib/x86_64-linux-gnu/libQt6WaylandClient.so.6+0xa1fbf) (BuildId: a1004954d5cd39403c509a216c3b26b8cd0fa3f1)
    #5 0x77d4e64a3ba2 in QtWaylandClient::QWaylandXdgOutputManagerV1::QWaylandXdgOutputManagerV1(QtWaylandClient::QWaylandDisplay*, unsigned int, unsigned int) (/lib/x86_64-linux-gnu/libQt6WaylandClient.so.6+0x8cba2) (BuildId: a1004954d5cd39403c509a216c3b26b8cd0fa3f1)
    #6 0x77d4e648d610 in QtWaylandClient::QWaylandDisplay::registry_global(unsigned int, QString const&, unsigned int) (/lib/x86_64-linux-gnu/libQt6WaylandClient.so.6+0x76610) (BuildId: a1004954d5cd39403c509a216c3b26b8cd0fa3f1)
    #7 0x77d4e64b4154 in QtWayland::wl_registry::handle_global(void*, wl_registry*, unsigned int, char const*, unsigned int) (/lib/x86_64-linux-gnu/libQt6WaylandClient.so.6+0x9d154) (BuildId: a1004954d5cd39403c509a216c3b26b8cd0fa3f1)
    #8 0x77d4f3a79b15  (/lib/x86_64-linux-gnu/libffi.so.8+0x7b15) (BuildId: c9149b6e99105aa4321ddd4a10ee4b90de7b7d49)

Direct leak of 96 byte(s) in 1 object(s) allocated from:
    #0 0x77d4f98fd340 in calloc ../../../../src/libsanitizer/asan/asan_malloc_linux.cpp:77
    #1 0x77d4e81c96ec  (/lib/x86_64-linux-gnu/libwayland-client.so.0+0xa6ec) (BuildId: 10d25f1460c9fbc5c38093fad3e9d0a47fc87f18)
    #2 0x77d4e81c98a4 in wl_proxy_marshal_array_flags (/lib/x86_64-linux-gnu/libwayland-client.so.0+0xa8a4) (BuildId: 10d25f1460c9fbc5c38093fad3e9d0a47fc87f18)
    #3 0x77d4e81ca68e in wl_proxy_marshal_constructor_versioned (/lib/x86_64-linux-gnu/libwayland-client.so.0+0xb68e) (BuildId: 10d25f1460c9fbc5c38093fad3e9d0a47fc87f18)
    #4 0x77d4e64b878f in QtWayland::zwp_primary_selection_device_manager_v1::init(wl_registry*, unsigned int, int) (/lib/x86_64-linux-gnu/libQt6WaylandClient.so.6+0xa178f) (BuildId: a1004954d5cd39403c509a216c3b26b8cd0fa3f1)
    #5 0x77d4e648d242 in QtWaylandClient::QWaylandDisplay::registry_global(unsigned int, QString const&, unsigned int) (/lib/x86_64-linux-gnu/libQt6WaylandClient.so.6+0x76242) (BuildId: a1004954d5cd39403c509a216c3b26b8cd0fa3f1)
    #6 0x77d4e64b4154 in QtWayland::wl_registry::handle_global(void*, wl_registry*, unsigned int, char const*, unsigned int) (/lib/x86_64-linux-gnu/libQt6WaylandClient.so.6+0x9d154) (BuildId: a1004954d5cd39403c509a216c3b26b8cd0fa3f1)
    #7 0x77d4f3a79b15  (/lib/x86_64-linux-gnu/libffi.so.8+0x7b15) (BuildId: c9149b6e99105aa4321ddd4a10ee4b90de7b7d49)

Direct leak of 96 byte(s) in 1 object(s) allocated from:
    #0 0x77d4f98fd340 in calloc ../../../../src/libsanitizer/asan/asan_malloc_linux.cpp:77
    #1 0x77d4e81c96ec  (/lib/x86_64-linux-gnu/libwayland-client.so.0+0xa6ec) (BuildId: 10d25f1460c9fbc5c38093fad3e9d0a47fc87f18)
    #2 0x77d4e81c98a4 in wl_proxy_marshal_array_flags (/lib/x86_64-linux-gnu/libwayland-client.so.0+0xa8a4) (BuildId: 10d25f1460c9fbc5c38093fad3e9d0a47fc87f18)
    #3 0x77d4e81ca68e in wl_proxy_marshal_constructor_versioned (/lib/x86_64-linux-gnu/libwayland-client.so.0+0xb68e) (BuildId: 10d25f1460c9fbc5c38093fad3e9d0a47fc87f18)
    #4 0x77d4e64b602f in QtWayland::wl_shm::init(wl_registry*, unsigned int, int) (/lib/x86_64-linux-gnu/libQt6WaylandClient.so.6+0x9f02f) (BuildId: a1004954d5cd39403c509a216c3b26b8cd0fa3f1)
    #5 0x77d4e64a46c6 in QtWaylandClient::QWaylandShm::QWaylandShm(QtWaylandClient::QWaylandDisplay*, int, unsigned int) (/lib/x86_64-linux-gnu/libQt6WaylandClient.so.6+0x8d6c6) (BuildId: a1004954d5cd39403c509a216c3b26b8cd0fa3f1)
    #6 0x77d4e648cbf6 in QtWaylandClient::QWaylandDisplay::registry_global(unsigned int, QString const&, unsigned int) (/lib/x86_64-linux-gnu/libQt6WaylandClient.so.6+0x75bf6) (BuildId: a1004954d5cd39403c509a216c3b26b8cd0fa3f1)
    #7 0x77d4e64b4154 in QtWayland::wl_registry::handle_global(void*, wl_registry*, unsigned int, char const*, unsigned int) (/lib/x86_64-linux-gnu/libQt6WaylandClient.so.6+0x9d154) (BuildId: a1004954d5cd39403c509a216c3b26b8cd0fa3f1)
    #8 0x77d4f3a79b15  (/lib/x86_64-linux-gnu/libffi.so.8+0x7b15) (BuildId: c9149b6e99105aa4321ddd4a10ee4b90de7b7d49)

Direct leak of 96 byte(s) in 1 object(s) allocated from:
    #0 0x77d4f98fd340 in calloc ../../../../src/libsanitizer/asan/asan_malloc_linux.cpp:77
    #1 0x77d4e81c96ec  (/lib/x86_64-linux-gnu/libwayland-client.so.0+0xa6ec) (BuildId: 10d25f1460c9fbc5c38093fad3e9d0a47fc87f18)
    #2 0x77d4e81c98a4 in wl_proxy_marshal_array_flags (/lib/x86_64-linux-gnu/libwayland-client.so.0+0xa8a4) (BuildId: 10d25f1460c9fbc5c38093fad3e9d0a47fc87f18)
    #3 0x77d4e81ca68e in wl_proxy_marshal_constructor_versioned (/lib/x86_64-linux-gnu/libwayland-client.so.0+0xb68e) (BuildId: 10d25f1460c9fbc5c38093fad3e9d0a47fc87f18)
    #4 0x77d4e64ad9bf in QtWayland::zwp_pointer_gestures_v1::init(wl_registry*, unsigned int, int) (/lib/x86_64-linux-gnu/libQt6WaylandClient.so.6+0x969bf) (BuildId: a1004954d5cd39403c509a216c3b26b8cd0fa3f1)
    #5 0x77d4e649e830 in QtWaylandClient::QWaylandPointerGestures::QWaylandPointerGestures(QtWaylandClient::QWaylandDisplay*, unsigned int, unsigned int) (/lib/x86_64-linux-gnu/libQt6WaylandClient.so.6+0x87830) (BuildId: a1004954d5cd39403c509a216c3b26b8cd0fa3f1)
    #6 0x77d4e648d1ad in QtWaylandClient::QWaylandDisplay::registry_global(unsigned int, QString const&, unsigned int) (/lib/x86_64-linux-gnu/libQt6WaylandClient.so.6+0x761ad) (BuildId: a1004954d5cd39403c509a216c3b26b8cd0fa3f1)
    #7 0x77d4e64b4154 in QtWayland::wl_registry::handle_global(void*, wl_registry*, unsigned int, char const*, unsigned int) (/lib/x86_64-linux-gnu/libQt6WaylandClient.so.6+0x9d154) (BuildId: a1004954d5cd39403c509a216c3b26b8cd0fa3f1)
    #8 0x77d4f3a79b15  (/lib/x86_64-linux-gnu/libffi.so.8+0x7b15) (BuildId: c9149b6e99105aa4321ddd4a10ee4b90de7b7d49)

Direct leak of 96 byte(s) in 1 object(s) allocated from:
    #0 0x77d4f98fd340 in calloc ../../../../src/libsanitizer/asan/asan_malloc_linux.cpp:77
    #1 0x77d4e81c96ec  (/lib/x86_64-linux-gnu/libwayland-client.so.0+0xa6ec) (BuildId: 10d25f1460c9fbc5c38093fad3e9d0a47fc87f18)
    #2 0x77d4e81c98a4 in wl_proxy_marshal_array_flags (/lib/x86_64-linux-gnu/libwayland-client.so.0+0xa8a4) (BuildId: 10d25f1460c9fbc5c38093fad3e9d0a47fc87f18)
    #3 0x77d4e81ca68e in wl_proxy_marshal_constructor_versioned (/lib/x86_64-linux-gnu/libwayland-client.so.0+0xb68e) (BuildId: 10d25f1460c9fbc5c38093fad3e9d0a47fc87f18)
    #4 0x77d4e64adeaf in QtWayland::zwp_tablet_manager_v2::init(wl_registry*, unsigned int, int) (/lib/x86_64-linux-gnu/libQt6WaylandClient.so.6+0x96eaf) (BuildId: a1004954d5cd39403c509a216c3b26b8cd0fa3f1)
    #5 0x77d4e64baaf5 in QtWaylandClient::QWaylandTabletManagerV2::QWaylandTabletManagerV2(QtWaylandClient::QWaylandDisplay*, unsigned int, unsigned int) (/lib/x86_64-linux-gnu/libQt6WaylandClient.so.6+0xa3af5) (BuildId: a1004954d5cd39403c509a216c3b26b8cd0fa3f1)
    #6 0x77d4e648bded in QtWaylandClient::QWaylandDisplay::registry_global(unsigned int, QString const&, unsigned int) (/lib/x86_64-linux-gnu/libQt6WaylandClient.so.6+0x74ded) (BuildId: a1004954d5cd39403c509a216c3b26b8cd0fa3f1)
    #7 0x77d4e64b4154 in QtWayland::wl_registry::handle_global(void*, wl_registry*, unsigned int, char const*, unsigned int) (/lib/x86_64-linux-gnu/libQt6WaylandClient.so.6+0x9d154) (BuildId: a1004954d5cd39403c509a216c3b26b8cd0fa3f1)
    #8 0x77d4f3a79b15  (/lib/x86_64-linux-gnu/libffi.so.8+0x7b15) (BuildId: c9149b6e99105aa4321ddd4a10ee4b90de7b7d49)

Direct leak of 96 byte(s) in 1 object(s) allocated from:
    #0 0x77d4f98fd340 in calloc ../../../../src/libsanitizer/asan/asan_malloc_linux.cpp:77
    #1 0x77d4e81c96ec  (/lib/x86_64-linux-gnu/libwayland-client.so.0+0xa6ec) (BuildId: 10d25f1460c9fbc5c38093fad3e9d0a47fc87f18)
    #2 0x77d4e81c98a4 in wl_proxy_marshal_array_flags (/lib/x86_64-linux-gnu/libwayland-client.so.0+0xa8a4) (BuildId: 10d25f1460c9fbc5c38093fad3e9d0a47fc87f18)
    #3 0x77d4e81ca68e in wl_proxy_marshal_constructor_versioned (/lib/x86_64-linux-gnu/libwayland-client.so.0+0xb68e) (BuildId: 10d25f1460c9fbc5c38093fad3e9d0a47fc87f18)
    #4 0x77d4e64b80bf in QtWayland::wl_output::init(wl_registry*, unsigned int, int) (/lib/x86_64-linux-gnu/libQt6WaylandClient.so.6+0xa10bf) (BuildId: a1004954d5cd39403c509a216c3b26b8cd0fa3f1)
    #5 0x77d4e64a405e in QtWaylandClient::QWaylandScreen::QWaylandScreen(QtWaylandClient::QWaylandDisplay*, int, unsigned int) (/lib/x86_64-linux-gnu/libQt6WaylandClient.so.6+0x8d05e) (BuildId: a1004954d5cd39403c509a216c3b26b8cd0fa3f1)
    #6 0x77d4e648be7f in QtWaylandClient::QWaylandDisplay::registry_global(unsigned int, QString const&, unsigned int) (/lib/x86_64-linux-gnu/libQt6WaylandClient.so.6+0x74e7f) (BuildId: a1004954d5cd39403c509a216c3b26b8cd0fa3f1)
    #7 0x77d4e64b4154 in QtWayland::wl_registry::handle_global(void*, wl_registry*, unsigned int, char const*, unsigned int) (/lib/x86_64-linux-gnu/libQt6WaylandClient.so.6+0x9d154) (BuildId: a1004954d5cd39403c509a216c3b26b8cd0fa3f1)
    #8 0x77d4f3a79b15  (/lib/x86_64-linux-gnu/libffi.so.8+0x7b15) (BuildId: c9149b6e99105aa4321ddd4a10ee4b90de7b7d49)

Direct leak of 96 byte(s) in 1 object(s) allocated from:
    #0 0x77d4f98fd340 in calloc ../../../../src/libsanitizer/asan/asan_malloc_linux.cpp:77
    #1 0x77d4e81c96ec  (/lib/x86_64-linux-gnu/libwayland-client.so.0+0xa6ec) (BuildId: 10d25f1460c9fbc5c38093fad3e9d0a47fc87f18)
    #2 0x77d4e81c98a4 in wl_proxy_marshal_array_flags (/lib/x86_64-linux-gnu/libwayland-client.so.0+0xa8a4) (BuildId: 10d25f1460c9fbc5c38093fad3e9d0a47fc87f18)
    #3 0x77d4e81ca68e in wl_proxy_marshal_constructor_versioned (/lib/x86_64-linux-gnu/libwayland-client.so.0+0xb68e) (BuildId: 10d25f1460c9fbc5c38093fad3e9d0a47fc87f18)
    #4 0x77d4e64b7a1f in QtWayland::wl_seat::init(wl_registry*, unsigned int, int) (/lib/x86_64-linux-gnu/libQt6WaylandClient.so.6+0xa0a1f) (BuildId: a1004954d5cd39403c509a216c3b26b8cd0fa3f1)
    #5 0x77d4e6496b50 in QtWaylandClient::QWaylandInputDevice::QWaylandInputDevice(QtWaylandClient::QWaylandDisplay*, int, unsigned int) (/lib/x86_64-linux-gnu/libQt6WaylandClient.so.6+0x7fb50) (BuildId: a1004954d5cd39403c509a216c3b26b8cd0fa3f1)
    #6 0x77d4e649fc19 in QtWaylandClient::QWaylandIntegration::createInputDevice(QtWaylandClient::QWaylandDisplay*, int, unsigned int) const (/lib/x86_64-linux-gnu/libQt6WaylandClient.so.6+0x88c19) (BuildId: a1004954d5cd39403c509a216c3b26b8cd0fa3f1)
    #7 0x77d4e648ca76 in QtWaylandClient::QWaylandDisplay::registry_global(unsigned int, QString const&, unsigned int) (/lib/x86_64-linux-gnu/libQt6WaylandClient.so.6+0x75a76) (BuildId: a1004954d5cd39403c509a216c3b26b8cd0fa3f1)
    #8 0x77d4e64b4154 in QtWayland::wl_registry::handle_global(void*, wl_registry*, unsigned int, char const*, unsigned int) (/lib/x86_64-linux-gnu/libQt6WaylandClient.so.6+0x9d154) (BuildId: a1004954d5cd39403c509a216c3b26b8cd0fa3f1)
    #9 0x77d4f3a79b15  (/lib/x86_64-linux-gnu/libffi.so.8+0x7b15) (BuildId: c9149b6e99105aa4321ddd4a10ee4b90de7b7d49)

Direct leak of 96 byte(s) in 1 object(s) allocated from:
    #0 0x77d4f98fd340 in calloc ../../../../src/libsanitizer/asan/asan_malloc_linux.cpp:77
    #1 0x77d4e81c96ec  (/lib/x86_64-linux-gnu/libwayland-client.so.0+0xa6ec) (BuildId: 10d25f1460c9fbc5c38093fad3e9d0a47fc87f18)
    #2 0x77d4e81c98a4 in wl_proxy_marshal_array_flags (/lib/x86_64-linux-gnu/libwayland-client.so.0+0xa8a4) (BuildId: 10d25f1460c9fbc5c38093fad3e9d0a47fc87f18)
    #3 0x77d4e81ca7a7 in wl_proxy_marshal_flags (/lib/x86_64-linux-gnu/libwayland-client.so.0+0xb7a7) (BuildId: 10d25f1460c9fbc5c38093fad3e9d0a47fc87f18)
    #4 0x77d4e6492d20 in QtWaylandClient::QWaylandInputDevice::seat_capabilities(unsigned int) (/lib/x86_64-linux-gnu/libQt6WaylandClient.so.6+0x7bd20) (BuildId: a1004954d5cd39403c509a216c3b26b8cd0fa3f1)
    #5 0x77d4f3a79b15  (/lib/x86_64-linux-gnu/libffi.so.8+0x7b15) (BuildId: c9149b6e99105aa4321ddd4a10ee4b90de7b7d49)

Direct leak of 96 byte(s) in 1 object(s) allocated from:
    #0 0x77d4f98fd340 in calloc ../../../../src/libsanitizer/asan/asan_malloc_linux.cpp:77
    #1 0x77d4e81c96ec  (/lib/x86_64-linux-gnu/libwayland-client.so.0+0xa6ec) (BuildId: 10d25f1460c9fbc5c38093fad3e9d0a47fc87f18)
    #2 0x77d4e81c98a4 in wl_proxy_marshal_array_flags (/lib/x86_64-linux-gnu/libwayland-client.so.0+0xa8a4) (BuildId: 10d25f1460c9fbc5c38093fad3e9d0a47fc87f18)
    #3 0x77d4e81ca7a7 in wl_proxy_marshal_flags (/lib/x86_64-linux-gnu/libwayland-client.so.0+0xb7a7) (BuildId: 10d25f1460c9fbc5c38093fad3e9d0a47fc87f18)
    #4 0x77d4e6492d9f in QtWaylandClient::QWaylandInputDevice::seat_capabilities(unsigned int) (/lib/x86_64-linux-gnu/libQt6WaylandClient.so.6+0x7bd9f) (BuildId: a1004954d5cd39403c509a216c3b26b8cd0fa3f1)
    #5 0x77d4f3a79b15  (/lib/x86_64-linux-gnu/libffi.so.8+0x7b15) (BuildId: c9149b6e99105aa4321ddd4a10ee4b90de7b7d49)

Direct leak of 96 byte(s) in 1 object(s) allocated from:
    #0 0x77d4f98fe548 in operator new(unsigned long) ../../../../src/libsanitizer/asan/asan_new_delete.cpp:95
    #1 0x77d4e6495089  (/lib/x86_64-linux-gnu/libQt6WaylandClient.so.6+0x7e089) (BuildId: a1004954d5cd39403c509a216c3b26b8cd0fa3f1)
    #2 0x77d4f3a79b15  (/lib/x86_64-linux-gnu/libffi.so.8+0x7b15) (BuildId: c9149b6e99105aa4321ddd4a10ee4b90de7b7d49)

Indirect leak of 16 byte(s) in 1 object(s) allocated from:
    #0 0x77d4f98fe548 in operator new(unsigned long) ../../../../src/libsanitizer/asan/asan_new_delete.cpp:95
    #1 0x77d4f4e4ed95 in QtSharedPointer::ExternalRefCountData::getAndRef(QObject const*) (/lib/x86_64-linux-gnu/libQt6Core.so.6+0x24ed95) (BuildId: 9b85b15d08445ceca32a75ffedf3453d8c6fab47)
    #2 0x77d4e6488d57 in QtWaylandClient::QWaylandDisplay::handleKeyboardFocusChanged(QtWaylandClient::QWaylandInputDevice*) (/lib/x86_64-linux-gnu/libQt6WaylandClient.so.6+0x71d57) (BuildId: a1004954d5cd39403c509a216c3b26b8cd0fa3f1)
    #3 0x77d4f3a79b15  (/lib/x86_64-linux-gnu/libffi.so.8+0x7b15) (BuildId: c9149b6e99105aa4321ddd4a10ee4b90de7b7d49)

-----------------------------------------------------
Suppressions used:
  count      bytes template
      3       2289 libdbus-1.so.3
-----------------------------------------------------

SUMMARY: AddressSanitizer: 1264 byte(s) leaked in 14 allocation(s).
[nemo43-source-asan: failed; cursor=30451]
