nemo43-step-start {"index":0,"kind":"attach","request":{"engineFound":true,"windowObjectName":"mainWindow"},"startedMs":179}
nemo43-step-start {"index":1,"kind":"invoke","request":{"args":["A"],"kind":"invoke","method":"revealMediaPanel","target":"mediaLibrary"},"startedMs":179}
nemo43-step-start {"index":2,"kind":"waitForPanel","request":{"group":"A","kind":"waitForPanel","panelType":"media","timeoutMs":20000},"startedMs":185}
nemo43-step-start {"index":3,"kind":"invoke","request":{"args":["panel-1"],"kind":"invoke","method":"closePanel","target":"workspace"},"startedMs":20194}
nemo43-step-start {"index":4,"kind":"invoke","request":{"args":["panel-3"],"kind":"invoke","method":"closePanel","target":"workspace"},"startedMs":20249}
nemo43-step-start {"index":5,"kind":"invoke","request":{"args":["panel-8"],"kind":"invoke","method":"closePanel","target":"workspace"},"startedMs":20278}
nemo43-step-start {"index":6,"kind":"invoke","request":{"args":["panel-6"],"kind":"invoke","method":"closePanel","target":"workspace"},"startedMs":20305}
nemo43-step-start {"index":7,"kind":"resizeWindow","request":{"height":640,"kind":"resizeWindow","width":1274},"startedMs":20306}
nemo43-step-start {"index":8,"kind":"setPanelState","request":{"group":"A","kind":"setPanelState","panelType":"media","state":{"projectScope":true,"viewMode":"list"}},"startedMs":20306}
nemo43-step-start {"index":9,"kind":"wait","request":{"kind":"wait","ms":400},"startedMs":20307}
nemo43-step-start {"index":10,"kind":"invoke","request":{"args":[["/tmp/nemo43-smoke/still.png","/tmp/nemo43-smoke/tagged.mkv"],"root",0],"kind":"invoke","method":"importPaths","target":"mediaLibrary"},"startedMs":20715}
nemo43-step-start {"index":11,"kind":"invoke","request":{"args":[["/tmp/nemo43-smoke/shot.####.exr"],"root",1001],"kind":"invoke","method":"importPaths","target":"mediaLibrary"},"startedMs":20747}
nemo43-step-start {"index":12,"kind":"probe","request":{"intervalMs":16,"kind":"probe","ticks":90},"startedMs":20778}
nemo43-step-start {"index":13,"kind":"createViewer","request":{"group":"A","inLeafOf":"media","kind":"createViewer","placement":"right","ratio":0.25,"role":"media"},"startedMs":22328}
qrc:/qt/qml/Nemo/qml/ViewerPanel.qml:982: TypeError: Property 'activateViewer' of object [null] is not a function (exception occurred during delayed function evaluation)
nemo43-step-start {"index":14,"kind":"wait","request":{"kind":"wait","ms":800},"startedMs":22670}
nemo43-step-start {"index":15,"kind":"click","request":{"kind":"click","target":{"objectName":"mediaInput_media-1"}},"startedMs":23484}
nemo43-step-start {"index":16,"kind":"wait","request":{"kind":"wait","ms":200},"startedMs":23514}
nemo43-step-start {"index":17,"kind":"read","request":{"kind":"read","name":"single-selection-context","property":"panelContext","target":{"group":"A","panelType":"viewer"}},"startedMs":23723}
nemo43-step-start {"index":18,"kind":"click","request":{"count":2,"kind":"click","target":{"objectName":"mediaInput_media-1"}},"startedMs":23725}
nemo43-step-start {"index":19,"kind":"wait","request":{"kind":"wait","ms":1800},"startedMs":23737}
nemo43-step-start {"index":20,"kind":"read","request":{"kind":"read","name":"still-render-state","property":"renderState","target":{"group":"A","panelType":"viewer","property":"controller"}},"startedMs":25548}
nemo43-step-start {"index":21,"kind":"read","request":{"kind":"read","name":"still-error","property":"error","target":{"group":"A","panelType":"viewer","property":"controller"}},"startedMs":25549}
nemo43-step-start {"index":22,"kind":"read","request":{"kind":"read","name":"still-domain","property":"compositionSize","target":{"group":"A","panelType":"viewer","property":"controller"}},"startedMs":25549}
nemo43-step-start {"index":23,"kind":"capture","request":{"kind":"capture","name":"media-source-still"},"startedMs":25550}
nemo43-step-start {"index":24,"kind":"click","request":{"kind":"click","target":{"objectName":"mediaInput_media-3"}},"startedMs":26241}
nemo43-step-start {"index":25,"kind":"wait","request":{"kind":"wait","ms":200},"startedMs":26252}
nemo43-step-start {"index":26,"kind":"read","request":{"kind":"read","name":"sequence-selection-does-not-open","property":"panelContext","target":{"group":"A","panelType":"viewer"}},"startedMs":26460}
nemo43-step-start {"index":27,"kind":"click","request":{"count":2,"kind":"click","target":{"objectName":"mediaInput_media-3"}},"startedMs":26463}
nemo43-step-start {"index":28,"kind":"wait","request":{"kind":"wait","ms":1600},"startedMs":26481}
nemo43-step-start {"index":29,"kind":"read","request":{"kind":"read","name":"sequence-frame-zero","property":"frame","target":{"group":"A","panelType":"viewer","property":"controller"}},"startedMs":28093}
nemo43-step-start {"index":30,"kind":"read","request":{"kind":"read","name":"sequence-error","property":"error","target":{"group":"A","panelType":"viewer","property":"controller"}},"startedMs":28095}
nemo43-step-start {"index":31,"kind":"capture","request":{"kind":"capture","name":"media-source-sequence-1001"},"startedMs":28098}
nemo43-step-start {"index":32,"kind":"click","request":{"kind":"click","target":{"objectName":"viewerFrame_panel-13"}},"startedMs":28743}
nemo43-step-start {"index":33,"kind":"read","request":{"kind":"read","name":"focused-viewerFrame_panel-13","property":"text","target":{"objectName":"viewerFrame_panel-13"}},"startedMs":28744}
nemo43-step-start {"index":34,"kind":"key","request":{"key":"A","kind":"key","modifiers":"Ctrl"},"startedMs":28744}
nemo43-step-start {"index":35,"kind":"key","request":{"key":"1","kind":"key"},"startedMs":28746}
nemo43-step-start {"index":36,"kind":"key","request":{"key":"Return","kind":"key"},"startedMs":28746}
nemo43-step-start {"index":37,"kind":"wait","request":{"kind":"wait","ms":1600},"startedMs":28746}
nemo43-step-start {"index":38,"kind":"read","request":{"kind":"read","name":"sequence-frame-one","property":"frame","target":{"group":"A","panelType":"viewer","property":"controller"}},"startedMs":30360}
nemo43-step-start {"index":39,"kind":"capture","request":{"kind":"capture","name":"media-source-sequence-1002"},"startedMs":30362}
nemo43-step-start {"index":40,"kind":"createViewer","request":{"group":"B","inLeafOf":"viewer","kind":"createViewer","placement":"right","ratio":0.5,"role":"media"},"startedMs":31012}
nemo43-step-start {"index":41,"kind":"wait","request":{"kind":"wait","ms":800},"startedMs":31368}
nemo43-step-start {"index":42,"kind":"invoke","request":{"args":["B"],"kind":"invoke","method":"revealMediaPanel","target":"mediaLibrary"},"startedMs":32169}
nemo43-step-start {"index":43,"kind":"waitForPanel","request":{"group":"B","kind":"waitForPanel","panelType":"media","timeoutMs":20000},"startedMs":32177}
nemo43-step-start {"index":44,"kind":"wait","request":{"kind":"wait","ms":500},"startedMs":52186}
nemo43-step-start {"index":45,"kind":"click","request":{"kind":"click","target":{"objectName":"mediaInput_media-2"}},"startedMs":52696}
nemo43-step-start {"index":46,"kind":"read","request":{"kind":"read","name":"B-selection-does-not-open","property":"panelContext","target":{"group":"B","panelType":"viewer"}},"startedMs":52723}
nemo43-step-start {"index":47,"kind":"click","request":{"count":2,"kind":"click","target":{"objectName":"mediaInput_media-2"}},"startedMs":52724}
nemo43-step-start {"index":48,"kind":"wait","request":{"kind":"wait","ms":1800},"startedMs":52730}
nemo43-step-start {"index":49,"kind":"click","request":{"kind":"click","target":{"objectName":"viewerFrame_panel-16"}},"startedMs":54537}
nemo43-step-start {"index":50,"kind":"read","request":{"kind":"read","name":"focused-viewerFrame_panel-16","property":"text","target":{"objectName":"viewerFrame_panel-16"}},"startedMs":54539}
nemo43-step-start {"index":51,"kind":"key","request":{"key":"A","kind":"key","modifiers":"Ctrl"},"startedMs":54539}
nemo43-step-start {"index":52,"kind":"key","request":{"key":"5","kind":"key"},"startedMs":54546}
nemo43-step-start {"index":53,"kind":"key","request":{"key":"Return","kind":"key"},"startedMs":54546}
nemo43-step-start {"index":54,"kind":"wait","request":{"kind":"wait","ms":1800},"startedMs":54556}
nemo43-step-start {"index":55,"kind":"read","request":{"kind":"read","name":"A-after-B-seek","property":"panelContext","target":{"group":"A","panelType":"viewer"}},"startedMs":56360}
nemo43-step-start {"index":56,"kind":"read","request":{"kind":"read","name":"A-frame-after-B-seek","property":"frame","target":{"group":"A","panelType":"viewer","property":"controller"}},"startedMs":56363}
nemo43-step-start {"index":57,"kind":"read","request":{"kind":"read","name":"B-after-seek","property":"panelContext","target":{"group":"B","panelType":"viewer"}},"startedMs":56365}
nemo43-step-start {"index":58,"kind":"read","request":{"kind":"read","name":"B-frame","property":"frame","target":{"group":"B","panelType":"viewer","property":"controller"}},"startedMs":56367}
nemo43-step-start {"index":59,"kind":"read","request":{"kind":"read","name":"B-error","property":"error","target":{"group":"B","panelType":"viewer","property":"controller"}},"startedMs":56369}
nemo43-step-start {"index":60,"kind":"capture","request":{"kind":"capture","name":"media-two-viewers"},"startedMs":56371}
nemo43-step-start {"index":61,"kind":"read","request":{"kind":"read","name":"timecode-A","property":"text","target":{"objectName":"viewerTimecode_panel-13"}},"startedMs":57030}
nemo43-step-start {"index":62,"kind":"read","request":{"kind":"read","name":"timecode-B","property":"text","target":{"objectName":"viewerTimecode_panel-16"}},"startedMs":57030}
nemo43-step-start {"index":63,"kind":"invoke","request":{"args":["file:///tmp/nemo43-smoke/final-source-saved.nemo"],"kind":"invoke","method":"saveAs","target":"projectFile"},"startedMs":57030}
nemo43-native-evidence: wrote /tmp/nemo43-smoke/final-source-v3/evidence.json
nemo43-native-evidence {"attached":true,"captures":["media-source-still","media-source-sequence-1001","media-source-sequence-1002","media-two-viewers"],"elapsedMs":57033,"errors":[],"event":"stage_ready","evidence":"/tmp/nemo43-smoke/final-source-v3/evidence.json","lingerMs":1200,"phase":"final-source","readyFile":"/tmp/nemo43-smoke/final-source-v3/ready.json"}
[nemo43-source-v3: exited; cursor=10234]
